Archive member included to satisfy reference by file (symbol)

C:/ST/STM32CubeIDE_1.14.1/STM32CubeIDE/plugins/com.st.stm32cube.ide.mcu.externaltools.gnu-tools-for-stm32.11.3.rel1.win32_1.1.100.202309141235/tools/bin/../lib/gcc/arm-none-eabi/11.3.1/../../../../arm-none-eabi/lib/thumb/v7e-m+fp/hard\libc_nano.a(libc_a-exit.o)
                              C:/ST/STM32CubeIDE_1.14.1/STM32CubeIDE/plugins/com.st.stm32cube.ide.mcu.externaltools.gnu-tools-for-stm32.11.3.rel1.win32_1.1.100.202309141235/tools/bin/../lib/gcc/arm-none-eabi/11.3.1/../../../../arm-none-eabi/lib/thumb/v7e-m+fp/hard/crt0.o (exit)
C:/ST/STM32CubeIDE_1.14.1/STM32CubeIDE/plugins/com.st.stm32cube.ide.mcu.externaltools.gnu-tools-for-stm32.11.3.rel1.win32_1.1.100.202309141235/tools/bin/../lib/gcc/arm-none-eabi/11.3.1/../../../../arm-none-eabi/lib/thumb/v7e-m+fp/hard\libc_nano.a(libc_a-findfp.o)
                              ./Middlewares/Third_Party/FreeRTOS/Source/tasks.o (__sf)
C:/ST/STM32CubeIDE_1.14.1/STM32CubeIDE/plugins/com.st.stm32cube.ide.mcu.externaltools.gnu-tools-for-stm32.11.3.rel1.win32_1.1.100.202309141235/tools/bin/../lib/gcc/arm-none-eabi/11.3.1/../../../../arm-none-eabi/lib/thumb/v7e-m+fp/hard\libc_nano.a(libc_a-fwalk.o)
                              C:/ST/STM32CubeIDE_1.14.1/STM32CubeIDE/plugins/com.st.stm32cube.ide.mcu.externaltools.gnu-tools-for-stm32.11.3.rel1.win32_1.1.100.202309141235/tools/bin/../lib/gcc/arm-none-eabi/11.3.1/../../../../arm-none-eabi/lib/thumb/v7e-m+fp/hard\libc_nano.a(libc_a-findfp.o) (_fwalk_sglue)
C:/ST/STM32CubeIDE_1.14.1/STM32CubeIDE/plugins/com.st.stm32cube.ide.mcu.externaltools.gnu-tools-for-stm32.11.3.rel1.win32_1.1.100.202309141235/tools/bin/../lib/gcc/arm-none-eabi/11.3.1/../../../../arm-none-eabi/lib/thumb/v7e-m+fp/hard\libc_nano.a(libc_a-stdio.o)
                              C:/ST/STM32CubeIDE_1.14.1/STM32CubeIDE/plugins/com.st.stm32cube.ide.mcu.externaltools.gnu-tools-for-stm32.11.3.rel1.win32_1.1.100.202309141235/tools/bin/../lib/gcc/arm-none-eabi/11.3.1/../../../../arm-none-eabi/lib/thumb/v7e-m+fp/hard\libc_nano.a(libc_a-findfp.o) (__sread)
C:/ST/STM32CubeIDE_1.14.1/STM32CubeIDE/plugins/com.st.stm32cube.ide.mcu.externaltools.gnu-tools-for-stm32.11.3.rel1.win32_1.1.100.202309141235/tools/bin/../lib/gcc/arm-none-eabi/11.3.1/../../../../arm-none-eabi/lib/thumb/v7e-m+fp/hard\libc_nano.a(libc_a-memcmp.o)
                              ./Middlewares/Third_Party/FreeRTOS/Source/tasks.o (memcmp)
C:/ST/STM32CubeIDE_1.14.1/STM32CubeIDE/plugins/com.st.stm32cube.ide.mcu.externaltools.gnu-tools-for-stm32.11.3.rel1.win32_1.1.100.202309141235/tools/bin/../lib/gcc/arm-none-eabi/11.3.1/../../../../arm-none-eabi/lib/thumb/v7e-m+fp/hard\libc_nano.a(libc_a-memset.o)
                              C:/ST/STM32CubeIDE_1.14.1/STM32CubeIDE/plugins/com.st.stm32cube.ide.mcu.externaltools.gnu-tools-for-stm32.11.3.rel1.win32_1.1.100.202309141235/tools/bin/../lib/gcc/arm-none-eabi/11.3.1/../../../../arm-none-eabi/lib/thumb/v7e-m+fp/hard/crt0.o (memset)
C:/ST/STM32CubeIDE_1.14.1/STM32CubeIDE/plugins/com.st.stm32cube.ide.mcu.externaltools.gnu-tools-for-stm32.11.3.rel1.win32_1.1.100.202309141235/tools/bin/../lib/gcc/arm-none-eabi/11.3.1/../../../../arm-none-eabi/lib/thumb/v7e-m+fp/hard\libc_nano.a(libc_a-closer.o)
                              C:/ST/STM32CubeIDE_1.14.1/STM32CubeIDE/plugins/com.st.stm32cube.ide.mcu.externaltools.gnu-tools-for-stm32.11.3.rel1.win32_1.1.100.202309141235/tools/bin/../lib/gcc/arm-none-eabi/11.3.1/../../../../arm-none-eabi/lib/thumb/v7e-m+fp/hard\libc_nano.a(libc_a-stdio.o) (_close_r)
C:/ST/STM32CubeIDE_1.14.1/STM32CubeIDE/plugins/com.st.stm32cube.ide.mcu.externaltools.gnu-tools-for-stm32.11.3.rel1.win32_1.1.100.202309141235/tools/bin/../lib/gcc/arm-none-eabi/11.3.1/../../../../arm-none-eabi/lib/thumb/v7e-m+fp/hard\libc_nano.a(libc_a-reent.o)
                              ./Middlewares/Third_Party/FreeRTOS/Source/tasks.o (_reclaim_reent)
C:/ST/STM32CubeIDE_1.14.1/STM32CubeIDE/plugins/com.st.stm32cube.ide.mcu.externaltools.gnu-tools-for-stm32.11.3.rel1.win32_1.1.100.202309141235/tools/bin/../lib/gcc/arm-none-eabi/11.3.1/../../../../arm-none-eabi/lib/thumb/v7e-m+fp/hard\libc_nano.a(libc_a-impure.o)
                              ./Middlewares/Third_Party/FreeRTOS/Source/tasks.o (_impure_ptr)
C:/ST/STM32CubeIDE_1.14.1/STM32CubeIDE/plugins/com.st.stm32cube.ide.mcu.externaltools.gnu-tools-for-stm32.11.3.rel1.win32_1.1.100.202309141235/tools/bin/../lib/gcc/arm-none-eabi/11.3.1/../../../../arm-none-eabi/lib/thumb/v7e-m+fp/hard\libc_nano.a(libc_a-lseekr.o)
                              C:/ST/STM32CubeIDE_1.14.1/STM32CubeIDE/plugins/com.st.stm32cube.ide.mcu.externaltools.gnu-tools-for-stm32.11.3.rel1.win32_1.1.100.202309141235/tools/bin/../lib/gcc/arm-none-eabi/11.3.1/../../../../arm-none-eabi/lib/thumb/v7e-m+fp/hard\libc_nano.a(libc_a-stdio.o) (_lseek_r)
[...]
Memory Configuration

Name             Origin             Length             Attributes
CCMRAM           0x0000000010000000 0x0000000000010000 xrw
RAM              0x0000000020000000 0x0000000000030000 xrw
FLASH            0x0000000008000000 0x0000000000200000 xr
*default*        0x0000000000000000 0xffffffffffffffff

Linker script and memory map

LOAD C:/ST/STM32CubeIDE_1.14.1/STM32CubeIDE/plugins/com.st.stm32cube.ide.mcu.externaltools.gnu-tools-for-stm32.11.3.rel1.win32_1.1.100.202309141235/tools/bin/../lib/gcc/arm-none-eabi/11.3.1/thumb/v7e-m+fp/hard/crti.o
LOAD C:/ST/STM32CubeIDE_1.14.1/STM32CubeIDE/plugins/com.st.stm32cube.ide.mcu.externaltools.gnu-tools-for-stm32.11.3.rel1.win32_1.1.100.202309141235/tools/bin/../lib/gcc/arm-none-eabi/11.3.1/thumb/v7e-m+fp/hard/crtbegin.o
LOAD C:/ST/STM32CubeIDE_1.14.1/STM32CubeIDE/plugins/com.st.stm32cube.ide.mcu.externaltools.gnu-tools-for-stm32.11.3.rel1.win32_1.1.100.202309141235/tools/bin/../lib/gcc/arm-none-eabi/11.3.1/../../../../arm-none-eabi/lib/thumb/v7e-m+fp/hard/crt0.o
LOAD ./Core/Src/Gyro_Driver.o
LOAD ./Core/Src/app.o
LOAD ./Core/Src/freertos.o
LOAD ./Core/Src/main.o
LOAD ./Core/Src/stm32f4xx_hal_msp.o
LOAD ./Core/Src/stm32f4xx_it.o
LOAD ./Core/Src/syscalls.o
LOAD ./Core/Src/sysmem.o
LOAD ./Core/Src/system_stm32f4xx.o
LOAD ./Core/Startup/startup_stm32f429zitx.o
LOAD ./Drivers/STM32F4xx_HAL_Driver/Src/stm32f4xx_hal.o
LOAD ./Drivers/STM32F4xx_HAL_Driver/Src/stm32f4xx_hal_cortex.o
LOAD ./Drivers/STM32F4xx_HAL_Driver/Src/stm32f4xx_hal_dma.o
LOAD ./Drivers/STM32F4xx_HAL_Driver/Src/stm32f4xx_hal_dma_ex.o
LOAD ./Drivers/STM32F4xx_HAL_Driver/Src/stm32f4xx_hal_exti.o
LOAD ./Drivers/STM32F4xx_HAL_Driver/Src/stm32f4xx_hal_flash.o
LOAD ./Drivers/STM32F4xx_HAL_Driver/Src/stm32f4xx_hal_flash_ex.o
LOAD ./Drivers/STM32F4xx_HAL_Driver/Src/stm32f4xx_hal_flash_ramfunc.o
LOAD ./Drivers/STM32F4xx_HAL_Driver/Src/stm32f4xx_hal_gpio.o
LOAD ./Drivers/STM32F4xx_HAL_Driver/Src/stm32f4xx_hal_pwr.o
LOAD ./Drivers/STM32F4xx_HAL_Driver/Src/stm32f4xx_hal_pwr_ex.o
LOAD ./Drivers/STM32F4xx_HAL_Driver/Src/stm32f4xx_hal_rcc.o
LOAD ./Drivers/STM32F4xx_HAL_Driver/Src/stm32f4xx_hal_rcc_ex.o
LOAD ./Drivers/STM32F4xx_HAL_Driver/Src/stm32f4xx_hal_spi.o
LOAD ./Drivers/STM32F4xx_HAL_Driver/Src/stm32f4xx_hal_tim.o
LOAD ./Drivers/STM32F4xx_HAL_Driver/Src/stm32f4xx_hal_tim_ex.o
LOAD ./Middlewares/Third_Party/FreeRTOS/Source/CMSIS_RTOS_V2/cmsis_os2.o
LOAD ./Middlewares/Third_Party/FreeRTOS/Source/croutine.o
LOAD ./Middlewares/Third_Party/FreeRTOS/Source/event_groups.o
LOAD ./Middlewares/Third_Party/FreeRTOS/Source/list.o
LOAD ./Middlewares/Third_Party/FreeRTOS/Source/queue.o
LOAD ./Middlewares/Third_Party/FreeRTOS/Source/stream_buffer.o
LOAD ./Middlewares/Third_Party/FreeRTOS/Source/tasks.o
LOAD ./Middlewares/Third_Party/FreeRTOS/Source/timers.o
LOAD ./Middlewares/Third_Party/FreeRTOS/Source/portable/GCC/ARM_CM4F/port.o
LOAD ./Middlewares/Third_Party/FreeRTOS/Source/portable/MemMang/heap_4.o
LOAD ./Middlewares/Third_Party/SystemView/SEGGER/SEGGER_RTT.o
LOAD ./Middlewares/Third_Party/SystemView/SEGGER/SEGGER_RTT_ASM_ARMv7M.o
LOAD ./Middlewares/Third_Party/SystemView/SEGGER/SEGGER_RTT_printf.o
LOAD ./Middlewares/Third_Party/SystemView/SEGGER/SEGGER_SYSVIEW.o
LOAD ./Middlewares/Third_Party/SystemView/Sample/FreeRTOS/Config/SEGGER_SYSVIEW_Config_FreeRTOS.o
LOAD ./Middlewares/Third_Party/SystemView/Sample/FreeRTOS/SEGGER_SYSVIEW_FreeRTOS.o
START GROUP
LOAD C:/ST/STM32CubeIDE_1.14.1/STM32CubeIDE/plugins/com.st.stm32cube.ide.mcu.externaltools.gnu-tools-for-stm32.11.3.rel1.win32_1.1.100.202309141235/tools/bin/../lib/gcc/arm-none-eabi/11.3.1/../../../../arm-none-eabi/lib/thumb/v7e-m+fp/hard\libc_nano.a
LOAD C:/ST/STM32CubeIDE_1.14.1/STM32CubeIDE/plugins/com.st.stm32cube.ide.mcu.externaltools.gnu-tools-for-stm32.11.3.rel1.win32_1.1.100.202309141235/tools/bin/../lib/gcc/arm-none-eabi/11.3.1/../../../../arm-none-eabi/lib/thumb/v7e-m+fp/hard\libm.a
END GROUP
START GROUP
LOAD C:/ST/STM32CubeIDE_1.14.1/STM32CubeIDE/plugins/com.st.stm32cube.ide.mcu.externaltools.gnu-tools-for-stm32.11.3.rel1.win32_1.1.100.202309141235/tools/bin/../lib/gcc/arm-none-eabi/11.3.1/thumb/v7e-m+fp/hard\libgcc.a
LOAD C:/ST/STM32CubeIDE_1.14.1/STM32CubeIDE/plugins/com.st.stm32cube.ide.mcu.externaltools.gnu-tools-for-stm32.11.3.rel1.win32_1.1.100.202309141235/tools/bin/../lib/gcc/arm-none-eabi/11.3.1/../../../../arm-none-eabi/lib/thumb/v7e-m+fp/hard\libc_nano.a
END GROUP
START GROUP
LOAD C:/ST/STM32CubeIDE_1.14.1/STM32CubeIDE/plugins/com.st.stm32cube.ide.mcu.externaltools.gnu-tools-for-stm32.11.3.rel1.win32_1.1.100.202309141235/tools/bin/../lib/gcc/arm-none-eabi/11.3.1/thumb/v7e-m+fp/hard\libgcc.a
LOAD C:/ST/STM32CubeIDE_1.14.1/STM32CubeIDE/plugins/com.st.stm32cube.ide.mcu.externaltools.gnu-tools-for-stm32.11.3.rel1.win32_1.1.100.202309141235/tools/bin/../lib/gcc/arm-none-eabi/11.3.1/../../../../arm-none-eabi/lib/thumb/v7e-m+fp/hard\libc_nano.a
LOAD C:/ST/STM32CubeIDE_1.14.1/STM32CubeIDE/plugins/com.st.stm32cube.ide.mcu.externaltools.gnu-tools-for-stm32.11.3.rel1.win32_1.1.100.202309141235/tools/bin/../lib/gcc/arm-none-eabi/11.3.1/../../../../arm-none-eabi/lib/thumb/v7e-m+fp/hard\libnosys.a
END GROUP
START GROUP
LOAD C:/ST/STM32CubeIDE_1.14.1/STM32CubeIDE/plugins/com.st.stm32cube.ide.mcu.externaltools.gnu-tools-for-stm32.11.3.rel1.win32_1.1.100.202309141235/tools/bin/../lib/gcc/arm-none-eabi/11.3.1/thumb/v7e-m+fp/hard\libgcc.a
LOAD C:/ST/STM32CubeIDE_1.14.1/STM32CubeIDE/plugins/com.st.stm32cube.ide.mcu.externaltools.gnu-tools-for-stm32.11.3.rel1.win32_1.1.100.202309141235/tools/bin/../lib/gcc/arm-none-eabi/11.3.1/../../../../arm-none-eabi/lib/thumb/v7e-m+fp/hard\libc_nano.a
LOAD C:/ST/STM32CubeIDE_1.14.1/STM32CubeIDE/plugins/com.st.stm32cube.ide.mcu.externaltools.gnu-tools-for-stm32.11.3.rel1.win32_1.1.100.202309141235/tools/bin/../lib/gcc/arm-none-eabi/11.3.1/../../../../arm-none-eabi/lib/thumb/v7e-m+fp/hard\libnosys.a
END GROUP
LOAD C:/ST/STM32CubeIDE_1.14.1/STM32CubeIDE/plugins/com.st.stm32cube.ide.mcu.externaltools.gnu-tools-for-stm32.11.3.rel1.win32_1.1.100.202309141235/tools/bin/../lib/gcc/arm-none-eabi/11.3.1/thumb/v7e-m+fp/hard/crtend.o
LOAD C:/ST/STM32CubeIDE_1.14.1/STM32CubeIDE/plugins/com.st.stm32cube.ide.mcu.externaltools.gnu-tools-for-stm32.11.3.rel1.win32_1.1.100.202309141235/tools/bin/../lib/gcc/arm-none-eabi/11.3.1/thumb/v7e-m+fp/hard/crtn.o
                0x0000000020030000                _estack = (ORIGIN (RAM) + LENGTH (RAM))
                0x0000000000000200                _Min_Heap_Size = 0x200
                0x0000000000000400                _Min_Stack_Size = 0x400

.isr_vector     0x0000000008000000      0x1ac
                0x0000000008000000                . = ALIGN (0x4)
 *(.isr_vector)
 .isr_vector    0x0000000008000000      0x1ac ./Core/Startup/startup_stm32f429zitx.o
                0x0000000008000000                g_pfnVectors
                0x00000000080001ac                . = ALIGN (0x4)

.text           0x00000000080001b0     0x924c
                0x00000000080001b0                . = ALIGN (0x4)
 *(.text)
 .text          0x00000000080001b0       0x40 C:/ST/STM32CubeIDE_1.14.1/STM32CubeIDE/plugins/com.st.stm32cube.ide.mcu.externaltools.gnu-tools-for-stm32.11.3.rel1.win32_1.1.100.202309141235/tools/bin/../lib/gcc/arm-none-eabi/11.3.1/thumb/v7e-m+fp/hard/crtbegin.o
 .text          0x00000000080001f0       0x94 ./Middlewares/Third_Party/SystemView/SEGGER/SEGGER_RTT_ASM_ARMv7M.o
                0x00000000080001f0                SEGGER_RTT_ASM_WriteSkipNoLock
 .text          0x0000000008000284       0x30 C:/ST/STM32CubeIDE_1.14.1/STM32CubeIDE/plugins/com.st.stm32cube.ide.mcu.externaltools.gnu-tools-for-stm32.11.3.rel1.win32_1.1.100.202309141235/tools/bin/../lib/gcc/arm-none-eabi/11.3.1/thumb/v7e-m+fp/hard\libgcc.a(_aeabi_uldivmod.o)
                0x0000000008000284                __aeabi_uldivmod
 .text          0x00000000080002b4      0x2c8 C:/ST/STM32CubeIDE_1.14.1/STM32CubeIDE/plugins/com.st.stm32cube.ide.mcu.externaltools.gnu-tools-for-stm32.11.3.rel1.win32_1.1.100.202309141235/tools/bin/../lib/gcc/arm-none-eabi/11.3.1/thumb/v7e-m+fp/hard\libgcc.a(_udivmoddi4.o)
                0x00000000080002b4                __udivmoddi4
 .text          0x000000000800057c        0x4 C:/ST/STM32CubeIDE_1.14.1/STM32CubeIDE/plugins/com.st.stm32cube.ide.mcu.externaltools.gnu-tools-for-stm32.11.3.rel1.win32_1.1.100.202309141235/tools/bin/../lib/gcc/arm-none-eabi/11.3.1/thumb/v7e-m+fp/hard\libgcc.a(_dvmd_tls.o)
                0x000000000800057c                __aeabi_idiv0
                0x000000000800057c                __aeabi_ldiv0
 *(.text*)
 .text.Gyro_Init
                0x0000000008000580       0x1a ./Core/Src/Gyro_Driver.o
                0x0000000008000580                Gyro_Init
 *fill*         0x000000000800059a        0x2 
 .text.Gyro_Power_On
                0x000000000800059c       0x88 ./Core/Src/Gyro_Driver.o
                0x000000000800059c                Gyro_Power_On
 .text.Gyro_Reboot
                0x0000000008000624       0x78 ./Core/Src/Gyro_Driver.o
                0x0000000008000624                Gyro_Reboot
 .text.Gyro_Get_Velocity
                0x000000000800069c       0x64 ./Core/Src/Gyro_Driver.o
                0x000000000800069c                Gyro_Get_Velocity
 .text.Gyro_Config_Regs
                0x0000000008000700       0xd4 ./Core/Src/Gyro_Driver.o
                0x0000000008000700                Gyro_Config_Regs
 .text.Gyro_HAL_Check
                0x00000000080007d4       0x1c ./Core/Src/Gyro_Driver.o
                0x00000000080007d4                Gyro_HAL_Check
 .text.Gyro_Slave_Enable
                0x00000000080007f0       0x18 ./Core/Src/Gyro_Driver.o
                0x00000000080007f0                Gyro_Slave_Enable
 .text.Gyro_Slave_Disable
                0x0000000008000808       0x18 ./Core/Src/Gyro_Driver.o
                0x0000000008000808                Gyro_Slave_Disable
 .text.Gyro_Receive_Data
                0x0000000008000820       0x34 ./Core/Src/Gyro_Driver.o
                0x0000000008000820                Gyro_Receive_Data
 .text.Gyro_Transmit_Data
                0x0000000008000854       0x34 ./Core/Src/Gyro_Driver.o
                0x0000000008000854                Gyro_Transmit_Data
 .text.appTimerCallback
                0x0000000008000888       0x2c ./Core/Src/app.o
 .text.gyroInput
                0x00000000080008b4       0x5c ./Core/Src/app.o
 .text.buttonInput
                0x0000000008000910       0x58 ./Core/Src/app.o
 .text.ledOutput
                0x0000000008000968       0x34 ./Core/Src/app.o
 .text.appInit  0x000000000800099c      0x120 ./Core/Src/app.o
                0x000000000800099c                appInit
 .text.sampleUserButton
                0x0000000008000abc       0x20 ./Core/Src/app.o
 .text.getGyroRateOfRotation
                0x0000000008000adc       0x6c ./Core/Src/app.o
 .text.driveLEDs
                0x0000000008000b48       0x6c ./Core/Src/app.o
 .text.EXTI0_IRQHandler
                0x0000000008000bb4       0x30 ./Core/Src/app.o
                0x0000000008000bb4                EXTI0_IRQHandler
 .text.__NVIC_SetPriority
                0x0000000008000be4       0x54 ./Core/Src/main.o
 .text.main     0x0000000008000c38       0x58 ./Core/Src/main.o
                0x0000000008000c38                main
 .text.SystemClock_Config
                0x0000000008000c90       0xd8 ./Core/Src/main.o
                0x0000000008000c90                SystemClock_Config
 .text.MX_SPI5_Init
                0x0000000008000d68       0x6c ./Core/Src/main.o
 .text.MX_TIM11_Init
                0x0000000008000dd4       0x44 ./Core/Src/main.o
 .text.MX_GPIO_Init
                0x0000000008000e18      0x4d0 ./Core/Src/main.o
 .text.StartDefaultTask
                0x00000000080012e8       0x10 ./Core/Src/main.o
                0x00000000080012e8                StartDefaultTask
 .text.Error_Handler
                0x00000000080012f8        0xa ./Core/Src/main.o
                0x00000000080012f8                Error_Handler
 *fill*         0x0000000008001302        0x2 
 .text.HAL_MspInit
                0x0000000008001304       0x58 ./Core/Src/stm32f4xx_hal_msp.o
                0x0000000008001304                HAL_MspInit
 .text.HAL_SPI_MspInit
                0x000000000800135c       0x90 ./Core/Src/stm32f4xx_hal_msp.o
                0x000000000800135c                HAL_SPI_MspInit
 .text.HAL_TIM_Base_MspInit
                0x00000000080013ec       0x44 ./Core/Src/stm32f4xx_hal_msp.o
                0x00000000080013ec                HAL_TIM_Base_MspInit
 .text.NMI_Handler
                0x0000000008001430        0x6 ./Core/Src/stm32f4xx_it.o
                0x0000000008001430                NMI_Handler
 .text.HardFault_Handler
                0x0000000008001436        0x6 ./Core/Src/stm32f4xx_it.o
                0x0000000008001436                HardFault_Handler
 .text.MemManage_Handler
                0x000000000800143c        0x6 ./Core/Src/stm32f4xx_it.o
                0x000000000800143c                MemManage_Handler
 .text.BusFault_Handler
                0x0000000008001442        0x6 ./Core/Src/stm32f4xx_it.o
                0x0000000008001442                BusFault_Handler
 .text.UsageFault_Handler
                0x0000000008001448        0x6 ./Core/Src/stm32f4xx_it.o
                0x0000000008001448                UsageFault_Handler
 .text.DebugMon_Handler
                0x000000000800144e        0xe ./Core/Src/stm32f4xx_it.o
                0x000000000800144e                DebugMon_Handler
 .text.SysTick_Handler
                0x000000000800145c       0x1a ./Core/Src/stm32f4xx_it.o
                0x000000000800145c                SysTick_Handler
 *fill*         0x0000000008001476        0x2 
 .text.SystemInit
                0x0000000008001478       0x24 ./Core/Src/system_stm32f4xx.o
                0x0000000008001478                SystemInit
 .text.Reset_Handler
                0x000000000800149c       0x50 ./Core/Startup/startup_stm32f429zitx.o
                0x000000000800149c                Reset_Handler
 .text.Default_Handler
                0x00000000080014ec        0x2 ./Core/Startup/startup_stm32f429zitx.o
                0x00000000080014ec                RTC_Alarm_IRQHandler
                0x00000000080014ec                HASH_RNG_IRQHandler
                0x00000000080014ec                EXTI2_IRQHandler
                0x00000000080014ec                TIM8_CC_IRQHandler
                0x00000000080014ec                UART8_IRQHandler
                0x00000000080014ec                SPI4_IRQHandler
                0x00000000080014ec                TIM1_CC_IRQHandler
                0x00000000080014ec                DMA2_Stream5_IRQHandler
                0x00000000080014ec                DMA1_Stream5_IRQHandler
                0x00000000080014ec                PVD_IRQHandler
                0x00000000080014ec                SDIO_IRQHandler
                0x00000000080014ec                TAMP_STAMP_IRQHandler
                0x00000000080014ec                CAN2_RX1_IRQHandler
                0x00000000080014ec                EXTI3_IRQHandler
                0x00000000080014ec                TIM8_TRG_COM_TIM14_IRQHandler
                0x00000000080014ec                TIM1_UP_TIM10_IRQHandler
                0x00000000080014ec                TIM8_UP_TIM13_IRQHandler
                0x00000000080014ec                I2C3_ER_IRQHandler
                0x00000000080014ec                I2C2_EV_IRQHandler
                0x00000000080014ec                DMA1_Stream2_IRQHandler
                0x00000000080014ec                CAN1_RX0_IRQHandler
                0x00000000080014ec                FPU_IRQHandler
                0x00000000080014ec                OTG_HS_WKUP_IRQHandler
                0x00000000080014ec                LTDC_ER_IRQHandler
                0x00000000080014ec                CAN2_SCE_IRQHandler
                0x00000000080014ec                DMA2_Stream2_IRQHandler
                0x00000000080014ec                SPI1_IRQHandler
                0x00000000080014ec                TIM6_DAC_IRQHandler
                0x00000000080014ec                TIM1_BRK_TIM9_IRQHandler
                0x00000000080014ec                DCMI_IRQHandler
                0x00000000080014ec                CAN2_RX0_IRQHandler
                0x00000000080014ec                DMA2_Stream3_IRQHandler
                0x00000000080014ec                USART6_IRQHandler
                0x00000000080014ec                USART3_IRQHandler
                0x00000000080014ec                CAN1_RX1_IRQHandler
                0x00000000080014ec                UART5_IRQHandler
                0x00000000080014ec                DMA2_Stream0_IRQHandler
                0x00000000080014ec                TIM4_IRQHandler
                0x00000000080014ec                I2C1_EV_IRQHandler
                0x00000000080014ec                DMA1_Stream6_IRQHandler
                0x00000000080014ec                DMA1_Stream1_IRQHandler
                0x00000000080014ec                UART4_IRQHandler
                0x00000000080014ec                TIM3_IRQHandler
                0x00000000080014ec                RCC_IRQHandler
                0x00000000080014ec                TIM8_BRK_TIM12_IRQHandler
                0x00000000080014ec                Default_Handler
                0x00000000080014ec                EXTI15_10_IRQHandler
                0x00000000080014ec                ADC_IRQHandler
                0x00000000080014ec                DMA1_Stream7_IRQHandler
                0x00000000080014ec                SPI5_IRQHandler
                0x00000000080014ec                CAN2_TX_IRQHandler
                0x00000000080014ec                TIM5_IRQHandler
                0x00000000080014ec                DMA2_Stream7_IRQHandler
                0x00000000080014ec                I2C3_EV_IRQHandler
                0x00000000080014ec                EXTI9_5_IRQHandler
                0x00000000080014ec                RTC_WKUP_IRQHandler
                0x00000000080014ec                LTDC_IRQHandler
                0x00000000080014ec                ETH_WKUP_IRQHandler
                0x00000000080014ec                SPI2_IRQHandler
                0x00000000080014ec                OTG_HS_EP1_IN_IRQHandler
                0x00000000080014ec                DMA1_Stream0_IRQHandler
                0x00000000080014ec                CAN1_TX_IRQHandler
                0x00000000080014ec                EXTI4_IRQHandler
                0x00000000080014ec                ETH_IRQHandler
                0x00000000080014ec                OTG_HS_EP1_OUT_IRQHandler
                0x00000000080014ec                WWDG_IRQHandler
                0x00000000080014ec                SPI6_IRQHandler
                0x00000000080014ec                TIM2_IRQHandler
                0x00000000080014ec                OTG_FS_WKUP_IRQHandler
                0x00000000080014ec                TIM1_TRG_COM_TIM11_IRQHandler
                0x00000000080014ec                OTG_HS_IRQHandler
                0x00000000080014ec                DMA2D_IRQHandler
                0x00000000080014ec                EXTI1_IRQHandler
                0x00000000080014ec                UART7_IRQHandler
                0x00000000080014ec                USART2_IRQHandler
                0x00000000080014ec                I2C2_ER_IRQHandler
                0x00000000080014ec                DMA2_Stream1_IRQHandler
                0x00000000080014ec                CAN1_SCE_IRQHandler
                0x00000000080014ec                FLASH_IRQHandler
                0x00000000080014ec                DMA2_Stream4_IRQHandler
                0x00000000080014ec                USART1_IRQHandler
                0x00000000080014ec                OTG_FS_IRQHandler
                0x00000000080014ec                SPI3_IRQHandler
                0x00000000080014ec                DMA1_Stream4_IRQHandler
                0x00000000080014ec                I2C1_ER_IRQHandler
                0x00000000080014ec                FMC_IRQHandler
                0x00000000080014ec                DMA2_Stream6_IRQHandler
                0x00000000080014ec                SAI1_IRQHandler
                0x00000000080014ec                DMA1_Stream3_IRQHandler
 *fill*         0x00000000080014ee        0x2 
 .text.HAL_Init
                0x00000000080014f0       0x44 ./Drivers/STM32F4xx_HAL_Driver/Src/stm32f4xx_hal.o
                0x00000000080014f0                HAL_Init
 .text.HAL_InitTick
                0x0000000008001534       0x60 ./Drivers/STM32F4xx_HAL_Driver/Src/stm32f4xx_hal.o
                0x0000000008001534                HAL_InitTick
 .text.HAL_IncTick
                0x0000000008001594       0x28 ./Drivers/STM32F4xx_HAL_Driver/Src/stm32f4xx_hal.o
                0x0000000008001594                HAL_IncTick
 .text.HAL_GetTick
                0x00000000080015bc       0x18 ./Drivers/STM32F4xx_HAL_Driver/Src/stm32f4xx_hal.o
                0x00000000080015bc                HAL_GetTick
 .text.HAL_Delay
                0x00000000080015d4       0x48 ./Drivers/STM32F4xx_HAL_Driver/Src/stm32f4xx_hal.o
                0x00000000080015d4                HAL_Delay
 .text.__NVIC_SetPriorityGrouping
                0x000000000800161c       0x48 ./Drivers/STM32F4xx_HAL_Driver/Src/stm32f4xx_hal_cortex.o
 .text.__NVIC_GetPriorityGrouping
                0x0000000008001664       0x1c ./Drivers/STM32F4xx_HAL_Driver/Src/stm32f4xx_hal_cortex.o
 .text.__NVIC_EnableIRQ
                0x0000000008001680       0x3c ./Drivers/STM32F4xx_HAL_Driver/Src/stm32f4xx_hal_cortex.o
 .text.__NVIC_DisableIRQ
                0x00000000080016bc       0x48 ./Drivers/STM32F4xx_HAL_Driver/Src/stm32f4xx_hal_cortex.o
 .text.__NVIC_SetPriority
                0x0000000008001704       0x54 ./Drivers/STM32F4xx_HAL_Driver/Src/stm32f4xx_hal_cortex.o
 .text.NVIC_EncodePriority
                0x0000000008001758       0x66 ./Drivers/STM32F4xx_HAL_Driver/Src/stm32f4xx_hal_cortex.o
 *fill*         0x00000000080017be        0x2 
 .text.SysTick_Config
                0x00000000080017c0       0x44 ./Drivers/STM32F4xx_HAL_Driver/Src/stm32f4xx_hal_cortex.o
 .text.HAL_NVIC_SetPriorityGrouping
                0x0000000008001804       0x16 ./Drivers/STM32F4xx_HAL_Driver/Src/stm32f4xx_hal_cortex.o
                0x0000000008001804                HAL_NVIC_SetPriorityGrouping
 .text.HAL_NVIC_SetPriority
                0x000000000800181a       0x38 ./Drivers/STM32F4xx_HAL_Driver/Src/stm32f4xx_hal_cortex.o
                0x000000000800181a                HAL_NVIC_SetPriority
 .text.HAL_NVIC_EnableIRQ
                0x0000000008001852       0x1c ./Drivers/STM32F4xx_HAL_Driver/Src/stm32f4xx_hal_cortex.o
                0x0000000008001852                HAL_NVIC_EnableIRQ
 .text.HAL_NVIC_DisableIRQ
                0x000000000800186e       0x1c ./Drivers/STM32F4xx_HAL_Driver/Src/stm32f4xx_hal_cortex.o
                0x000000000800186e                HAL_NVIC_DisableIRQ
 .text.HAL_SYSTICK_Config
                0x000000000800188a       0x18 ./Drivers/STM32F4xx_HAL_Driver/Src/stm32f4xx_hal_cortex.o
                0x000000000800188a                HAL_SYSTICK_Config
 *fill*         0x00000000080018a2        0x2 
 .text.HAL_GPIO_Init
                0x00000000080018a4      0x358 ./Drivers/STM32F4xx_HAL_Driver/Src/stm32f4xx_hal_gpio.o
                0x00000000080018a4                HAL_GPIO_Init
 .text.HAL_GPIO_ReadPin
                0x0000000008001bfc       0x30 ./Drivers/STM32F4xx_HAL_Driver/Src/stm32f4xx_hal_gpio.o
                0x0000000008001bfc                HAL_GPIO_ReadPin
 .text.HAL_GPIO_WritePin
                0x0000000008001c2c       0x32 ./Drivers/STM32F4xx_HAL_Driver/Src/stm32f4xx_hal_gpio.o
                0x0000000008001c2c                HAL_GPIO_WritePin
 *fill*         0x0000000008001c5e        0x2 
 .text.HAL_RCC_OscConfig
                0x0000000008001c60      0x4f0 ./Drivers/STM32F4xx_HAL_Driver/Src/stm32f4xx_hal_rcc.o
                0x0000000008001c60                HAL_RCC_OscConfig
 .text.HAL_RCC_ClockConfig
                0x0000000008002150      0x1cc ./Drivers/STM32F4xx_HAL_Driver/Src/stm32f4xx_hal_rcc.o
                0x0000000008002150                HAL_RCC_ClockConfig
 .text.HAL_RCC_GetSysClockFreq
                0x000000000800231c      0x20c ./Drivers/STM32F4xx_HAL_Driver/Src/stm32f4xx_hal_rcc.o
                0x000000000800231c                HAL_RCC_GetSysClockFreq
 .text.HAL_SPI_Init
                0x0000000008002528      0x112 ./Drivers/STM32F4xx_HAL_Driver/Src/stm32f4xx_hal_spi.o
                0x0000000008002528                HAL_SPI_Init
 .text.HAL_SPI_Transmit
                0x000000000800263a      0x278 ./Drivers/STM32F4xx_HAL_Driver/Src/stm32f4xx_hal_spi.o
                0x000000000800263a                HAL_SPI_Transmit
 .text.HAL_SPI_Receive
                0x00000000080028b2      0x222 ./Drivers/STM32F4xx_HAL_Driver/Src/stm32f4xx_hal_spi.o
                0x00000000080028b2                HAL_SPI_Receive
 .text.HAL_SPI_TransmitReceive
                0x0000000008002ad4      0x344 ./Drivers/STM32F4xx_HAL_Driver/Src/stm32f4xx_hal_spi.o
                0x0000000008002ad4                HAL_SPI_TransmitReceive
 .text.SPI_WaitFlagStateUntilTimeout
                0x0000000008002e18      0x110 ./Drivers/STM32F4xx_HAL_Driver/Src/stm32f4xx_hal_spi.o
 .text.SPI_EndRxTransaction
                0x0000000008002f28       0xca ./Drivers/STM32F4xx_HAL_Driver/Src/stm32f4xx_hal_spi.o
 *fill*         0x0000000008002ff2        0x2 
 .text.SPI_EndRxTxTransaction
                0x0000000008002ff4       0x84 ./Drivers/STM32F4xx_HAL_Driver/Src/stm32f4xx_hal_spi.o
 .text.HAL_TIM_Base_Init
                0x0000000008003078       0x9e ./Drivers/STM32F4xx_HAL_Driver/Src/stm32f4xx_hal_tim.o
                0x0000000008003078                HAL_TIM_Base_Init
 *fill*         0x0000000008003116        0x2 
 .text.TIM_Base_SetConfig
                0x0000000008003118      0x140 ./Drivers/STM32F4xx_HAL_Driver/Src/stm32f4xx_hal_tim.o
                0x0000000008003118                TIM_Base_SetConfig
 .text.__NVIC_SetPriority
                0x0000000008003258       0x54 ./Middlewares/Third_Party/FreeRTOS/Source/CMSIS_RTOS_V2/cmsis_os2.o
 .text.SVC_Setup
                0x00000000080032ac       0x12 ./Middlewares/Third_Party/FreeRTOS/Source/CMSIS_RTOS_V2/cmsis_os2.o
 *fill*         0x00000000080032be        0x2 
 .text.osKernelInitialize
                0x00000000080032c0       0x48 ./Middlewares/Third_Party/FreeRTOS/Source/CMSIS_RTOS_V2/cmsis_os2.o
                0x00000000080032c0                osKernelInitialize
 .text.osKernelStart
                0x0000000008003308       0x4c ./Middlewares/Third_Party/FreeRTOS/Source/CMSIS_RTOS_V2/cmsis_os2.o
                0x0000000008003308                osKernelStart
 .text.osThreadNew
                0x0000000008003354      0x124 ./Middlewares/Third_Party/FreeRTOS/Source/CMSIS_RTOS_V2/cmsis_os2.o
                0x0000000008003354                osThreadNew
 .text.osDelay  0x0000000008003478       0x36 ./Middlewares/Third_Party/FreeRTOS/Source/CMSIS_RTOS_V2/cmsis_os2.o
                0x0000000008003478                osDelay
 .text.TimerCallback
                0x00000000080034ae       0x2a ./Middlewares/Third_Party/FreeRTOS/Source/CMSIS_RTOS_V2/cmsis_os2.o
 .text.osTimerNew
                0x00000000080034d8       0xf8 ./Middlewares/Third_Party/FreeRTOS/Source/CMSIS_RTOS_V2/cmsis_os2.o
                0x00000000080034d8                osTimerNew
 .text.osTimerStart
                0x00000000080035d0       0x5c ./Middlewares/Third_Party/FreeRTOS/Source/CMSIS_RTOS_V2/cmsis_os2.o
                0x00000000080035d0                osTimerStart
 .text.osEventFlagsNew
                0x000000000800362c       0x7e ./Middlewares/Third_Party/FreeRTOS/Source/CMSIS_RTOS_V2/cmsis_os2.o
                0x000000000800362c                osEventFlagsNew
 *fill*         0x00000000080036aa        0x2 
 .text.osEventFlagsSet
                0x00000000080036ac       0x88 ./Middlewares/Third_Party/FreeRTOS/Source/CMSIS_RTOS_V2/cmsis_os2.o
                0x00000000080036ac                osEventFlagsSet
 .text.osEventFlagsWait
                0x0000000008003734       0xcc ./Middlewares/Third_Party/FreeRTOS/Source/CMSIS_RTOS_V2/cmsis_os2.o
                0x0000000008003734                osEventFlagsWait
 .text.osSemaphoreNew
                0x0000000008003800      0x112 ./Middlewares/Third_Party/FreeRTOS/Source/CMSIS_RTOS_V2/cmsis_os2.o
                0x0000000008003800                osSemaphoreNew
 *fill*         0x0000000008003912        0x2 
 .text.osSemaphoreAcquire
                0x0000000008003914       0xa4 ./Middlewares/Third_Party/FreeRTOS/Source/CMSIS_RTOS_V2/cmsis_os2.o
                0x0000000008003914                osSemaphoreAcquire
 .text.osSemaphoreRelease
                0x00000000080039b8       0x88 ./Middlewares/Third_Party/FreeRTOS/Source/CMSIS_RTOS_V2/cmsis_os2.o
                0x00000000080039b8                osSemaphoreRelease
 .text.osMessageQueueNew
                0x0000000008003a40       0xe6 ./Middlewares/Third_Party/FreeRTOS/Source/CMSIS_RTOS_V2/cmsis_os2.o
                0x0000000008003a40                osMessageQueueNew
 *fill*         0x0000000008003b26        0x2 
 .text.osMessageQueuePut
                0x0000000008003b28       0xc0 ./Middlewares/Third_Party/FreeRTOS/Source/CMSIS_RTOS_V2/cmsis_os2.o
                0x0000000008003b28                osMessageQueuePut
 .text.osMessageQueueGet
                0x0000000008003be8       0xbc ./Middlewares/Third_Party/FreeRTOS/Source/CMSIS_RTOS_V2/cmsis_os2.o
                0x0000000008003be8                osMessageQueueGet
 .text.vApplicationGetIdleTaskMemory
                0x0000000008003ca4       0x34 ./Middlewares/Third_Party/FreeRTOS/Source/CMSIS_RTOS_V2/cmsis_os2.o
                0x0000000008003ca4                vApplicationGetIdleTaskMemory
 .text.vApplicationGetTimerTaskMemory
                0x0000000008003cd8       0x34 ./Middlewares/Third_Party/FreeRTOS/Source/CMSIS_RTOS_V2/cmsis_os2.o
                0x0000000008003cd8                vApplicationGetTimerTaskMemory
 .text.xEventGroupCreateStatic
                0x0000000008003d0c       0x6e ./Middlewares/Third_Party/FreeRTOS/Source/event_groups.o
                0x0000000008003d0c                xEventGroupCreateStatic
 .text.xEventGroupCreate
                0x0000000008003d7a       0x34 ./Middlewares/Third_Party/FreeRTOS/Source/event_groups.o
                0x0000000008003d7a                xEventGroupCreate
 *fill*         0x0000000008003dae        0x2 
 .text.xEventGroupWaitBits
                0x0000000008003db0      0x19c ./Middlewares/Third_Party/FreeRTOS/Source/event_groups.o
                0x0000000008003db0                xEventGroupWaitBits
 .text.xEventGroupSetBits
                0x0000000008003f4c      0x116 ./Middlewares/Third_Party/FreeRTOS/Source/event_groups.o
                0x0000000008003f4c                xEventGroupSetBits
 .text.vEventGroupSetBitsCallback
                0x0000000008004062       0x1a ./Middlewares/Third_Party/FreeRTOS/Source/event_groups.o
                0x0000000008004062                vEventGroupSetBitsCallback
 .text.prvTestWaitCondition
                0x000000000800407c       0x44 ./Middlewares/Third_Party/FreeRTOS/Source/event_groups.o
 .text.xEventGroupSetBitsFromISR
                0x00000000080040c0       0x28 ./Middlewares/Third_Party/FreeRTOS/Source/event_groups.o
                0x00000000080040c0                xEventGroupSetBitsFromISR
 .text.vListInitialise
                0x00000000080040e8       0x40 ./Middlewares/Third_Party/FreeRTOS/Source/list.o
                0x00000000080040e8                vListInitialise
 .text.vListInitialiseItem
                0x0000000008004128       0x1a ./Middlewares/Third_Party/FreeRTOS/Source/list.o
                0x0000000008004128                vListInitialiseItem
 .text.vListInsertEnd
                0x0000000008004142       0x48 ./Middlewares/Third_Party/FreeRTOS/Source/list.o
                0x0000000008004142                vListInsertEnd
 .text.vListInsert
                0x000000000800418a       0x72 ./Middlewares/Third_Party/FreeRTOS/Source/list.o
                0x000000000800418a                vListInsert
 .text.uxListRemove
                0x00000000080041fc       0x54 ./Middlewares/Third_Party/FreeRTOS/Source/list.o
                0x00000000080041fc                uxListRemove
 .text.xQueueGenericReset
                0x0000000008004250       0xd0 ./Middlewares/Third_Party/FreeRTOS/Source/queue.o
                0x0000000008004250                xQueueGenericReset
 .text.xQueueGenericCreateStatic
                0x0000000008004320       0xf0 ./Middlewares/Third_Party/FreeRTOS/Source/queue.o
                0x0000000008004320                xQueueGenericCreateStatic
 .text.xQueueGenericCreate
                0x0000000008004410       0x74 ./Middlewares/Third_Party/FreeRTOS/Source/queue.o
                0x0000000008004410                xQueueGenericCreate
 .text.prvInitialiseNewQueue
                0x0000000008004484       0x52 ./Middlewares/Third_Party/FreeRTOS/Source/queue.o
 .text.xQueueCreateCountingSemaphoreStatic
                0x00000000080044d6       0x6e ./Middlewares/Third_Party/FreeRTOS/Source/queue.o
                0x00000000080044d6                xQueueCreateCountingSemaphoreStatic
 .text.xQueueCreateCountingSemaphore
                0x0000000008004544       0x66 ./Middlewares/Third_Party/FreeRTOS/Source/queue.o
                0x0000000008004544                xQueueCreateCountingSemaphore
 *fill*         0x00000000080045aa        0x2 
 .text.xQueueGenericSend
                0x00000000080045ac      0x24c ./Middlewares/Third_Party/FreeRTOS/Source/queue.o
                0x00000000080045ac                xQueueGenericSend
 .text.xQueueGenericSendFromISR
                0x00000000080047f8      0x15e ./Middlewares/Third_Party/FreeRTOS/Source/queue.o
                0x00000000080047f8                xQueueGenericSendFromISR
 .text.xQueueGiveFromISR
                0x0000000008004956      0x142 ./Middlewares/Third_Party/FreeRTOS/Source/queue.o
                0x0000000008004956                xQueueGiveFromISR
 .text.xQueueReceive
                0x0000000008004a98      0x220 ./Middlewares/Third_Party/FreeRTOS/Source/queue.o
                0x0000000008004a98                xQueueReceive
 .text.xQueueSemaphoreTake
                0x0000000008004cb8      0x278 ./Middlewares/Third_Party/FreeRTOS/Source/queue.o
                0x0000000008004cb8                xQueueSemaphoreTake
 .text.xQueueReceiveFromISR
                0x0000000008004f30      0x13c ./Middlewares/Third_Party/FreeRTOS/Source/queue.o
                0x0000000008004f30                xQueueReceiveFromISR
 .text.vQueueDelete
                0x000000000800506c       0x58 ./Middlewares/Third_Party/FreeRTOS/Source/queue.o
                0x000000000800506c                vQueueDelete
 .text.prvGetDisinheritPriorityAfterTimeout
                0x00000000080050c4       0x30 ./Middlewares/Third_Party/FreeRTOS/Source/queue.o
 .text.prvCopyDataToQueue
                0x00000000080050f4       0xd4 ./Middlewares/Third_Party/FreeRTOS/Source/queue.o
 .text.prvCopyDataFromQueue
                0x00000000080051c8       0x4c ./Middlewares/Third_Party/FreeRTOS/Source/queue.o
 .text.prvUnlockQueue
                0x0000000008005214       0xa4 ./Middlewares/Third_Party/FreeRTOS/Source/queue.o
 .text.prvIsQueueEmpty
                0x00000000080052b8       0x2c ./Middlewares/Third_Party/FreeRTOS/Source/queue.o
 .text.prvIsQueueFull
                0x00000000080052e4       0x30 ./Middlewares/Third_Party/FreeRTOS/Source/queue.o
 .text.vQueueAddToRegistry
                0x0000000008005314       0x64 ./Middlewares/Third_Party/FreeRTOS/Source/queue.o
                0x0000000008005314                vQueueAddToRegistry
 .text.vQueueUnregisterQueue
                0x0000000008005378       0x54 ./Middlewares/Third_Party/FreeRTOS/Source/queue.o
                0x0000000008005378                vQueueUnregisterQueue
 .text.vQueueWaitForMessageRestricted
                0x00000000080053cc       0x68 ./Middlewares/Third_Party/FreeRTOS/Source/queue.o
                0x00000000080053cc                vQueueWaitForMessageRestricted
 .text.xTaskCreateStatic
                0x0000000008005434       0xba ./Middlewares/Third_Party/FreeRTOS/Source/tasks.o
                0x0000000008005434                xTaskCreateStatic
 .text.xTaskCreate
                0x00000000080054ee       0x8a ./Middlewares/Third_Party/FreeRTOS/Source/tasks.o
                0x00000000080054ee                xTaskCreate
 .text.prvInitialiseNewTask
                0x0000000008005578      0x14c ./Middlewares/Third_Party/FreeRTOS/Source/tasks.o
 .text.prvAddNewTaskToReadyList
                0x00000000080056c4      0x11c ./Middlewares/Third_Party/FreeRTOS/Source/tasks.o
 .text.vTaskDelay
                0x00000000080057e0       0x70 ./Middlewares/Third_Party/FreeRTOS/Source/tasks.o
                0x00000000080057e0                vTaskDelay
 .text.vTaskStartScheduler
                0x0000000008005850      0x104 ./Middlewares/Third_Party/FreeRTOS/Source/tasks.o
                0x0000000008005850                vTaskStartScheduler
 .text.vTaskSuspendAll
                0x0000000008005954       0x1c ./Middlewares/Third_Party/FreeRTOS/Source/tasks.o
                0x0000000008005954                vTaskSuspendAll
 .text.xTaskResumeAll
                0x0000000008005970      0x144 ./Middlewares/Third_Party/FreeRTOS/Source/tasks.o
                0x0000000008005970                xTaskResumeAll
 .text.xTaskGetTickCount
                0x0000000008005ab4       0x20 ./Middlewares/Third_Party/FreeRTOS/Source/tasks.o
                0x0000000008005ab4                xTaskGetTickCount
 .text.xTaskGetTickCountFromISR
                0x0000000008005ad4       0x24 ./Middlewares/Third_Party/FreeRTOS/Source/tasks.o
                0x0000000008005ad4                xTaskGetTickCountFromISR
 .text.xTaskIncrementTick
                0x0000000008005af8      0x17c ./Middlewares/Third_Party/FreeRTOS/Source/tasks.o
                0x0000000008005af8                xTaskIncrementTick
 .text.vTaskSwitchContext
                0x0000000008005c74       0xf0 ./Middlewares/Third_Party/FreeRTOS/Source/tasks.o
                0x0000000008005c74                vTaskSwitchContext
 .text.vTaskPlaceOnEventList
                0x0000000008005d64       0x48 ./Middlewares/Third_Party/FreeRTOS/Source/tasks.o
                0x0000000008005d64                vTaskPlaceOnEventList
 .text.vTaskPlaceOnUnorderedEventList
                0x0000000008005dac       0x78 ./Middlewares/Third_Party/FreeRTOS/Source/tasks.o
                0x0000000008005dac                vTaskPlaceOnUnorderedEventList
 .text.vTaskPlaceOnEventListRestricted
                0x0000000008005e24       0x5c ./Middlewares/Third_Party/FreeRTOS/Source/tasks.o
                0x0000000008005e24                vTaskPlaceOnEventListRestricted
 .text.xTaskRemoveFromEventList
                0x0000000008005e80       0xd0 ./Middlewares/Third_Party/FreeRTOS/Source/tasks.o
                0x0000000008005e80                xTaskRemoveFromEventList
 .text.vTaskRemoveFromUnorderedEventList
                0x0000000008005f50       0xcc ./Middlewares/Third_Party/FreeRTOS/Source/tasks.o
                0x0000000008005f50                vTaskRemoveFromUnorderedEventList
 .text.vTaskInternalSetTimeOutState
                0x000000000800601c       0x2c ./Middlewares/Third_Party/FreeRTOS/Source/tasks.o
                0x000000000800601c                vTaskInternalSetTimeOutState
 .text.xTaskCheckForTimeOut
                0x0000000008006048       0xc4 ./Middlewares/Third_Party/FreeRTOS/Source/tasks.o
                0x0000000008006048                xTaskCheckForTimeOut
 .text.vTaskMissedYield
                0x000000000800610c       0x18 ./Middlewares/Third_Party/FreeRTOS/Source/tasks.o
                0x000000000800610c                vTaskMissedYield
 .text.prvIdleTask
                0x0000000008006124       0x30 ./Middlewares/Third_Party/FreeRTOS/Source/tasks.o
 .text.prvInitialiseTaskLists
                0x0000000008006154       0x80 ./Middlewares/Third_Party/FreeRTOS/Source/tasks.o
 .text.prvCheckTasksWaitingTermination
                0x00000000080061d4       0x5c ./Middlewares/Third_Party/FreeRTOS/Source/tasks.o
 .text.prvTaskCheckFreeStackSpace
                0x0000000008006230       0x38 ./Middlewares/Third_Party/FreeRTOS/Source/tasks.o
 .text.uxTaskGetStackHighWaterMark
                0x0000000008006268       0x38 ./Middlewares/Third_Party/FreeRTOS/Source/tasks.o
                0x0000000008006268                uxTaskGetStackHighWaterMark
 .text.prvDeleteTCB
                0x00000000080062a0       0x68 ./Middlewares/Third_Party/FreeRTOS/Source/tasks.o
 .text.prvResetNextTaskUnblockTime
                0x0000000008006308       0x40 ./Middlewares/Third_Party/FreeRTOS/Source/tasks.o
 .text.xTaskGetSchedulerState
                0x0000000008006348       0x3c ./Middlewares/Third_Party/FreeRTOS/Source/tasks.o
                0x0000000008006348                xTaskGetSchedulerState
 .text.xTaskPriorityInherit
                0x0000000008006384       0xe4 ./Middlewares/Third_Party/FreeRTOS/Source/tasks.o
                0x0000000008006384                xTaskPriorityInherit
 .text.xTaskPriorityDisinherit
                0x0000000008006468       0xec ./Middlewares/Third_Party/FreeRTOS/Source/tasks.o
                0x0000000008006468                xTaskPriorityDisinherit
 .text.vTaskPriorityDisinheritAfterTimeout
                0x0000000008006554      0x114 ./Middlewares/Third_Party/FreeRTOS/Source/tasks.o
                0x0000000008006554                vTaskPriorityDisinheritAfterTimeout
 .text.uxTaskResetEventItemValue
                0x0000000008006668       0x30 ./Middlewares/Third_Party/FreeRTOS/Source/tasks.o
                0x0000000008006668                uxTaskResetEventItemValue
 .text.pvTaskIncrementMutexHeldCount
                0x0000000008006698       0x28 ./Middlewares/Third_Party/FreeRTOS/Source/tasks.o
                0x0000000008006698                pvTaskIncrementMutexHeldCount
 .text.prvAddCurrentTaskToDelayedList
                0x00000000080066c0       0xa8 ./Middlewares/Third_Party/FreeRTOS/Source/tasks.o
 .text.xTimerCreateTimerTask
                0x0000000008006768       0x90 ./Middlewares/Third_Party/FreeRTOS/Source/timers.o
                0x0000000008006768                xTimerCreateTimerTask
 .text.xTimerCreate
                0x00000000080067f8       0x42 ./Middlewares/Third_Party/FreeRTOS/Source/timers.o
                0x00000000080067f8                xTimerCreate
 .text.xTimerCreateStatic
                0x000000000800683a       0x7c ./Middlewares/Third_Party/FreeRTOS/Source/timers.o
                0x000000000800683a                xTimerCreateStatic
 .text.prvInitialiseNewTimer
                0x00000000080068b6       0x76 ./Middlewares/Third_Party/FreeRTOS/Source/timers.o
 .text.xTimerGenericCommand
                0x000000000800692c       0x9c ./Middlewares/Third_Party/FreeRTOS/Source/timers.o
                0x000000000800692c                xTimerGenericCommand
 .text.prvProcessExpiredTimer
                0x00000000080069c8       0x98 ./Middlewares/Third_Party/FreeRTOS/Source/timers.o
 .text.prvTimerTask
                0x0000000008006a60       0x24 ./Middlewares/Third_Party/FreeRTOS/Source/timers.o
 .text.prvProcessTimerOrBlockTask
                0x0000000008006a84       0x9c ./Middlewares/Third_Party/FreeRTOS/Source/timers.o
 .text.prvGetNextExpireTime
                0x0000000008006b20       0x48 ./Middlewares/Third_Party/FreeRTOS/Source/timers.o
 .text.prvSampleTimeNow
                0x0000000008006b68       0x40 ./Middlewares/Third_Party/FreeRTOS/Source/timers.o
 .text.prvInsertTimerInActiveList
                0x0000000008006ba8       0x84 ./Middlewares/Third_Party/FreeRTOS/Source/timers.o
 .text.prvProcessReceivedCommands
                0x0000000008006c2c      0x1c4 ./Middlewares/Third_Party/FreeRTOS/Source/timers.o
 .text.prvSwitchTimerLists
                0x0000000008006df0       0xc8 ./Middlewares/Third_Party/FreeRTOS/Source/timers.o
 .text.prvCheckForValidListAndQueue
                0x0000000008006eb8       0x80 ./Middlewares/Third_Party/FreeRTOS/Source/timers.o
 .text.pvTimerGetTimerID
                0x0000000008006f38       0x40 ./Middlewares/Third_Party/FreeRTOS/Source/timers.o
                0x0000000008006f38                pvTimerGetTimerID
 .text.xTimerPendFunctionCallFromISR
                0x0000000008006f78       0x40 ./Middlewares/Third_Party/FreeRTOS/Source/timers.o
                0x0000000008006f78                xTimerPendFunctionCallFromISR
 .text.pxPortInitialiseStack
                0x0000000008006fb8       0x68 ./Middlewares/Third_Party/FreeRTOS/Source/portable/GCC/ARM_CM4F/port.o
                0x0000000008006fb8                pxPortInitialiseStack
 .text.prvTaskExitError
                0x0000000008007020       0x58 ./Middlewares/Third_Party/FreeRTOS/Source/portable/GCC/ARM_CM4F/port.o
 *fill*         0x0000000008007078        0x8 
 .text.SVC_Handler
                0x0000000008007080       0x28 ./Middlewares/Third_Party/FreeRTOS/Source/portable/GCC/ARM_CM4F/port.o
                0x0000000008007080                SVC_Handler
 .text.prvPortStartFirstTask
                0x00000000080070a8       0x28 ./Middlewares/Third_Party/FreeRTOS/Source/portable/GCC/ARM_CM4F/port.o
 .text.xPortStartScheduler
                0x00000000080070d0      0x144 ./Middlewares/Third_Party/FreeRTOS/Source/portable/GCC/ARM_CM4F/port.o
                0x00000000080070d0                xPortStartScheduler
 .text.vPortEnterCritical
                0x0000000008007214       0x60 ./Middlewares/Third_Party/FreeRTOS/Source/portable/GCC/ARM_CM4F/port.o
                0x0000000008007214                vPortEnterCritical
 .text.vPortExitCritical
                0x0000000008007274       0x54 ./Middlewares/Third_Party/FreeRTOS/Source/portable/GCC/ARM_CM4F/port.o
                0x0000000008007274                vPortExitCritical
 *fill*         0x00000000080072c8        0x8 
 .text.PendSV_Handler
                0x00000000080072d0       0x68 ./Middlewares/Third_Party/FreeRTOS/Source/portable/GCC/ARM_CM4F/port.o
                0x00000000080072d0                PendSV_Handler
 .text.xPortSysTickHandler
                0x0000000008007338       0x44 ./Middlewares/Third_Party/FreeRTOS/Source/portable/GCC/ARM_CM4F/port.o
                0x0000000008007338                xPortSysTickHandler
 .text.vPortSetupTimerInterrupt
                0x000000000800737c       0x48 ./Middlewares/Third_Party/FreeRTOS/Source/portable/GCC/ARM_CM4F/port.o
                0x000000000800737c                vPortSetupTimerInterrupt
 .text.vPortEnableVFP
                0x00000000080073c4       0x14 ./Middlewares/Third_Party/FreeRTOS/Source/portable/GCC/ARM_CM4F/port.o
 .text.vPortValidateInterruptPriority
                0x00000000080073d8       0x80 ./Middlewares/Third_Party/FreeRTOS/Source/portable/GCC/ARM_CM4F/port.o
                0x00000000080073d8                vPortValidateInterruptPriority
 .text.pvPortMalloc
                0x0000000008007458      0x198 ./Middlewares/Third_Party/FreeRTOS/Source/portable/MemMang/heap_4.o
                0x0000000008007458                pvPortMalloc
 .text.vPortFree
                0x00000000080075f0       0xc4 ./Middlewares/Third_Party/FreeRTOS/Source/portable/MemMang/heap_4.o
                0x00000000080075f0                vPortFree
 .text.prvHeapInit
                0x00000000080076b4       0xc4 ./Middlewares/Third_Party/FreeRTOS/Source/portable/MemMang/heap_4.o
 .text.prvInsertBlockIntoFreeList
                0x0000000008007778       0xb4 ./Middlewares/Third_Party/FreeRTOS/Source/portable/MemMang/heap_4.o
 .text._DoInit  0x000000000800782c       0xb0 ./Middlewares/Third_Party/SystemView/SEGGER/SEGGER_RTT.o
 .text.SEGGER_RTT_ReadNoLock
                0x00000000080078dc      0x10c ./Middlewares/Third_Party/SystemView/SEGGER/SEGGER_RTT.o
                0x00000000080078dc                SEGGER_RTT_ReadNoLock
 .text.SEGGER_RTT_AllocUpBuffer
                0x00000000080079e8      0x108 ./Middlewares/Third_Party/SystemView/SEGGER/SEGGER_RTT.o
                0x00000000080079e8                SEGGER_RTT_AllocUpBuffer
 .text.SEGGER_RTT_ConfigDownBuffer
                0x0000000008007af0       0x98 ./Middlewares/Third_Party/SystemView/SEGGER/SEGGER_RTT.o
                0x0000000008007af0                SEGGER_RTT_ConfigDownBuffer
 .text._EncodeStr
                0x0000000008007b88       0xa0 ./Middlewares/Third_Party/SystemView/SEGGER/SEGGER_SYSVIEW.o
 .text._PreparePacket
                0x0000000008007c28       0x18 ./Middlewares/Third_Party/SystemView/SEGGER/SEGGER_SYSVIEW.o
 .text._HandleIncomingPacket
                0x0000000008007c40       0xe0 ./Middlewares/Third_Party/SystemView/SEGGER/SEGGER_SYSVIEW.o
 .text._TrySendOverflowPacket
                0x0000000008007d20       0xe4 ./Middlewares/Third_Party/SystemView/SEGGER/SEGGER_SYSVIEW.o
 .text._SendPacket
                0x0000000008007e04      0x1cc ./Middlewares/Third_Party/SystemView/SEGGER/SEGGER_SYSVIEW.o
 .text.SEGGER_SYSVIEW_Init
                0x0000000008007fd0       0x88 ./Middlewares/Third_Party/SystemView/SEGGER/SEGGER_SYSVIEW.o
                0x0000000008007fd0                SEGGER_SYSVIEW_Init
 .text.SEGGER_SYSVIEW_SetRAMBase
                0x0000000008008058       0x20 ./Middlewares/Third_Party/SystemView/SEGGER/SEGGER_SYSVIEW.o
                0x0000000008008058                SEGGER_SYSVIEW_SetRAMBase
 .text.SEGGER_SYSVIEW_RecordVoid
                0x0000000008008078       0x3c ./Middlewares/Third_Party/SystemView/SEGGER/SEGGER_SYSVIEW.o
                0x0000000008008078                SEGGER_SYSVIEW_RecordVoid
 .text.SEGGER_SYSVIEW_RecordU32
                0x00000000080080b4       0x78 ./Middlewares/Third_Party/SystemView/SEGGER/SEGGER_SYSVIEW.o
                0x00000000080080b4                SEGGER_SYSVIEW_RecordU32
 .text.SEGGER_SYSVIEW_RecordU32x2
                0x000000000800812c       0xb4 ./Middlewares/Third_Party/SystemView/SEGGER/SEGGER_SYSVIEW.o
                0x000000000800812c                SEGGER_SYSVIEW_RecordU32x2
 .text.SEGGER_SYSVIEW_RecordU32x3
                0x00000000080081e0       0xec ./Middlewares/Third_Party/SystemView/SEGGER/SEGGER_SYSVIEW.o
                0x00000000080081e0                SEGGER_SYSVIEW_RecordU32x3
 .text.SEGGER_SYSVIEW_RecordU32x4
                0x00000000080082cc      0x124 ./Middlewares/Third_Party/SystemView/SEGGER/SEGGER_SYSVIEW.o
                0x00000000080082cc                SEGGER_SYSVIEW_RecordU32x4
 .text.SEGGER_SYSVIEW_Start
                0x00000000080083f0      0x174 ./Middlewares/Third_Party/SystemView/SEGGER/SEGGER_SYSVIEW.o
                0x00000000080083f0                SEGGER_SYSVIEW_Start
 .text.SEGGER_SYSVIEW_Stop
                0x0000000008008564       0x4c ./Middlewares/Third_Party/SystemView/SEGGER/SEGGER_SYSVIEW.o
                0x0000000008008564                SEGGER_SYSVIEW_Stop
 .text.SEGGER_SYSVIEW_GetSysDesc
                0x00000000080085b0      0x134 ./Middlewares/Third_Party/SystemView/SEGGER/SEGGER_SYSVIEW.o
                0x00000000080085b0                SEGGER_SYSVIEW_GetSysDesc
 .text.SEGGER_SYSVIEW_SendTaskInfo
                0x00000000080086e4      0x1c8 ./Middlewares/Third_Party/SystemView/SEGGER/SEGGER_SYSVIEW.o
                0x00000000080086e4                SEGGER_SYSVIEW_SendTaskInfo
 .text.SEGGER_SYSVIEW_SendTaskList
                0x00000000080088ac       0x28 ./Middlewares/Third_Party/SystemView/SEGGER/SEGGER_SYSVIEW.o
                0x00000000080088ac                SEGGER_SYSVIEW_SendTaskList
 .text.SEGGER_SYSVIEW_SendSysDesc
                0x00000000080088d4       0x48 ./Middlewares/Third_Party/SystemView/SEGGER/SEGGER_SYSVIEW.o
                0x00000000080088d4                SEGGER_SYSVIEW_SendSysDesc
 .text.SEGGER_SYSVIEW_RecordSystime
                0x000000000800891c       0x64 ./Middlewares/Third_Party/SystemView/SEGGER/SEGGER_SYSVIEW.o
                0x000000000800891c                SEGGER_SYSVIEW_RecordSystime
 .text.SEGGER_SYSVIEW_OnIdle
                0x0000000008008980       0x38 ./Middlewares/Third_Party/SystemView/SEGGER/SEGGER_SYSVIEW.o
                0x0000000008008980                SEGGER_SYSVIEW_OnIdle
 .text.SEGGER_SYSVIEW_OnTaskCreate
                0x00000000080089b8       0x84 ./Middlewares/Third_Party/SystemView/SEGGER/SEGGER_SYSVIEW.o
                0x00000000080089b8                SEGGER_SYSVIEW_OnTaskCreate
 .text.SEGGER_SYSVIEW_OnTaskStartExec
                0x0000000008008a3c       0x84 ./Middlewares/Third_Party/SystemView/SEGGER/SEGGER_SYSVIEW.o
                0x0000000008008a3c                SEGGER_SYSVIEW_OnTaskStartExec
 .text.SEGGER_SYSVIEW_OnTaskStartReady
                0x0000000008008ac0       0x84 ./Middlewares/Third_Party/SystemView/SEGGER/SEGGER_SYSVIEW.o
                0x0000000008008ac0                SEGGER_SYSVIEW_OnTaskStartReady
 .text.SEGGER_SYSVIEW_ShrinkId
                0x0000000008008b44       0x20 ./Middlewares/Third_Party/SystemView/SEGGER/SEGGER_SYSVIEW.o
                0x0000000008008b44                SEGGER_SYSVIEW_ShrinkId
 .text.SEGGER_SYSVIEW_SendModule
                0x0000000008008b64      0x100 ./Middlewares/Third_Party/SystemView/SEGGER/SEGGER_SYSVIEW.o
                0x0000000008008b64                SEGGER_SYSVIEW_SendModule
 .text.SEGGER_SYSVIEW_SendModuleDescription
                0x0000000008008c64       0x3c ./Middlewares/Third_Party/SystemView/SEGGER/SEGGER_SYSVIEW.o
                0x0000000008008c64                SEGGER_SYSVIEW_SendModuleDescription
 .text.SEGGER_SYSVIEW_SendNumModules
                0x0000000008008ca0       0x7c ./Middlewares/Third_Party/SystemView/SEGGER/SEGGER_SYSVIEW.o
                0x0000000008008ca0                SEGGER_SYSVIEW_SendNumModules
 .text.SEGGER_SYSVIEW_Warn
                0x0000000008008d1c       0xb8 ./Middlewares/Third_Party/SystemView/SEGGER/SEGGER_SYSVIEW.o
                0x0000000008008d1c                SEGGER_SYSVIEW_Warn
 .text.__NVIC_EnableIRQ
                0x0000000008008dd4       0x3c ./Middlewares/Third_Party/SystemView/Sample/FreeRTOS/Config/SEGGER_SYSVIEW_Config_FreeRTOS.o
 .text.LL_APB1_GRP1_EnableClock
                0x0000000008008e10       0x30 ./Middlewares/Third_Party/SystemView/Sample/FreeRTOS/Config/SEGGER_SYSVIEW_Config_FreeRTOS.o
 .text.LL_TIM_EnableCounter
                0x0000000008008e40       0x20 ./Middlewares/Third_Party/SystemView/Sample/FreeRTOS/Config/SEGGER_SYSVIEW_Config_FreeRTOS.o
 .text.LL_TIM_SetPrescaler
                0x0000000008008e60       0x1c ./Middlewares/Third_Party/SystemView/Sample/FreeRTOS/Config/SEGGER_SYSVIEW_Config_FreeRTOS.o
 .text.LL_TIM_ClearFlag_UPDATE
                0x0000000008008e7c       0x1c ./Middlewares/Third_Party/SystemView/Sample/FreeRTOS/Config/SEGGER_SYSVIEW_Config_FreeRTOS.o
 .text.LL_TIM_IsActiveFlag_UPDATE
                0x0000000008008e98       0x26 ./Middlewares/Third_Party/SystemView/Sample/FreeRTOS/Config/SEGGER_SYSVIEW_Config_FreeRTOS.o
 .text.LL_TIM_EnableIT_UPDATE
                0x0000000008008ebe       0x20 ./Middlewares/Third_Party/SystemView/Sample/FreeRTOS/Config/SEGGER_SYSVIEW_Config_FreeRTOS.o
 *fill*         0x0000000008008ede        0x2 
 .text._cbSendSystemDesc
                0x0000000008008ee0       0x14 ./Middlewares/Third_Party/SystemView/Sample/FreeRTOS/Config/SEGGER_SYSVIEW_Config_FreeRTOS.o
 .text.TIM7_IRQHandler
                0x0000000008008ef4       0x2c ./Middlewares/Third_Party/SystemView/Sample/FreeRTOS/Config/SEGGER_SYSVIEW_Config_FreeRTOS.o
                0x0000000008008ef4                TIM7_IRQHandler
 .text.SEGGER_SYSVIEW_TimeStampInit
                0x0000000008008f20       0x48 ./Middlewares/Third_Party/SystemView/Sample/FreeRTOS/Config/SEGGER_SYSVIEW_Config_FreeRTOS.o
 .text.SEGGER_SYSVIEW_Conf
                0x0000000008008f68       0x30 ./Middlewares/Third_Party/SystemView/Sample/FreeRTOS/Config/SEGGER_SYSVIEW_Config_FreeRTOS.o
                0x0000000008008f68                SEGGER_SYSVIEW_Conf
 .text._cbSendTaskList
                0x0000000008008f98       0xbc ./Middlewares/Third_Party/SystemView/Sample/FreeRTOS/SEGGER_SYSVIEW_FreeRTOS.o
 .text._cbGetTime
                0x0000000008009054       0x86 ./Middlewares/Third_Party/SystemView/Sample/FreeRTOS/SEGGER_SYSVIEW_FreeRTOS.o
 *fill*         0x00000000080090da        0x2 
 .text.SYSVIEW_AddTask
                0x00000000080090dc       0xd0 ./Middlewares/Third_Party/SystemView/Sample/FreeRTOS/SEGGER_SYSVIEW_FreeRTOS.o
                0x00000000080090dc                SYSVIEW_AddTask
 .text.SYSVIEW_SendTaskInfo
                0x00000000080091ac       0x42 ./Middlewares/Third_Party/SystemView/Sample/FreeRTOS/SEGGER_SYSVIEW_FreeRTOS.o
                0x00000000080091ac                SYSVIEW_SendTaskInfo
 .text.memcmp   0x00000000080091ee       0x20 C:/ST/STM32CubeIDE_1.14.1/STM32CubeIDE/plugins/com.st.stm32cube.ide.mcu.externaltools.gnu-tools-for-stm32.11.3.rel1.win32_1.1.100.202309141235/tools/bin/../lib/gcc/arm-none-eabi/11.3.1/../../../../arm-none-eabi/lib/thumb/v7e-m+fp/hard\libc_nano.a(libc_a-memcmp.o)
                0x00000000080091ee                memcmp
 .text.memset   0x000000000800920e       0x10 C:/ST/STM32CubeIDE_1.14.1/STM32CubeIDE/plugins/com.st.stm32cube.ide.mcu.externaltools.gnu-tools-for-stm32.11.3.rel1.win32_1.1.100.202309141235/tools/bin/../lib/gcc/arm-none-eabi/11.3.1/../../../../arm-none-eabi/lib/thumb/v7e-m+fp/hard\libc_nano.a(libc_a-memset.o)
                0x000000000800920e                memset
 *fill*         0x000000000800921e        0x2 
 .text._reclaim_reent
                0x0000000008009220       0xac C:/ST/STM32CubeIDE_1.14.1/STM32CubeIDE/plugins/com.st.stm32cube.ide.mcu.externaltools.gnu-tools-for-stm32.11.3.rel1.win32_1.1.100.202309141235/tools/bin/../lib/gcc/arm-none-eabi/11.3.1/../../../../arm-none-eabi/lib/thumb/v7e-m+fp/hard\libc_nano.a(libc_a-reent.o)
                0x0000000008009220                _reclaim_reent
 .text.__libc_init_array
                0x00000000080092cc       0x48 C:/ST/STM32CubeIDE_1.14.1/STM32CubeIDE/plugins/com.st.stm32cube.ide.mcu.externaltools.gnu-tools-for-stm32.11.3.rel1.win32_1.1.100.202309141235/tools/bin/../lib/gcc/arm-none-eabi/11.3.1/../../../../arm-none-eabi/lib/thumb/v7e-m+fp/hard\libc_nano.a(libc_a-init.o)
                0x00000000080092cc                __libc_init_array
 .text.__retarget_lock_acquire_recursive
                0x0000000008009314        0x2 C:/ST/STM32CubeIDE_1.14.1/STM32CubeIDE/plugins/com.st.stm32cube.ide.mcu.externaltools.gnu-tools-for-stm32.11.3.rel1.win32_1.1.100.202309141235/tools/bin/../lib/gcc/arm-none-eabi/11.3.1/../../../../arm-none-eabi/lib/thumb/v7e-m+fp/hard\libc_nano.a(libc_a-lock.o)
                0x0000000008009314                __retarget_lock_acquire_recursive
 .text.__retarget_lock_release_recursive
                0x0000000008009316        0x2 C:/ST/STM32CubeIDE_1.14.1/STM32CubeIDE/plugins/com.st.stm32cube.ide.mcu.externaltools.gnu-tools-for-stm32.11.3.rel1.win32_1.1.100.202309141235/tools/bin/../lib/gcc/arm-none-eabi/11.3.1/../../../../arm-none-eabi/lib/thumb/v7e-m+fp/hard\libc_nano.a(libc_a-lock.o)
                0x0000000008009316                __retarget_lock_release_recursive
 .text.memcpy   0x0000000008009318       0x1c C:/ST/STM32CubeIDE_1.14.1/STM32CubeIDE/plugins/com.st.stm32cube.ide.mcu.externaltools.gnu-tools-for-stm32.11.3.rel1.win32_1.1.100.202309141235/tools/bin/../lib/gcc/arm-none-eabi/11.3.1/../../../../arm-none-eabi/lib/thumb/v7e-m+fp/hard\libc_nano.a(libc_a-memcpy-stub.o)
                0x0000000008009318                memcpy
 .text._free_r  0x0000000008009334       0x98 C:/ST/STM32CubeIDE_1.14.1/STM32CubeIDE/plugins/com.st.stm32cube.ide.mcu.externaltools.gnu-tools-for-stm32.11.3.rel1.win32_1.1.100.202309141235/tools/bin/../lib/gcc/arm-none-eabi/11.3.1/../../../../arm-none-eabi/lib/thumb/v7e-m+fp/hard\libc_nano.a(libc_a-freer.o)
                0x0000000008009334                _free_r
 .text.__malloc_lock
                0x00000000080093cc        0xc C:/ST/STM32CubeIDE_1.14.1/STM32CubeIDE/plugins/com.st.stm32cube.ide.mcu.externaltools.gnu-tools-for-stm32.11.3.rel1.win32_1.1.100.202309141235/tools/bin/../lib/gcc/arm-none-eabi/11.3.1/../../../../arm-none-eabi/lib/thumb/v7e-m+fp/hard\libc_nano.a(libc_a-mlock.o)
                0x00000000080093cc                __malloc_lock
 .text.__malloc_unlock
                0x00000000080093d8        0xc C:/ST/STM32CubeIDE_1.14.1/STM32CubeIDE/plugins/com.st.stm32cube.ide.mcu.externaltools.gnu-tools-for-stm32.11.3.rel1.win32_1.1.100.202309141235/tools/bin/../lib/gcc/arm-none-eabi/11.3.1/../../../../arm-none-eabi/lib/thumb/v7e-m+fp/hard\libc_nano.a(libc_a-mlock.o)
                0x00000000080093d8                __malloc_unlock
 *(.glue_7)
 .glue_7        0x00000000080093e4        0x0 linker stubs
 *(.glue_7t)
 .glue_7t       0x00000000080093e4        0x0 linker stubs
 *(.eh_frame)
 .eh_frame      0x00000000080093e4        0x0 C:/ST/STM32CubeIDE_1.14.1/STM32CubeIDE/plugins/com.st.stm32cube.ide.mcu.externaltools.gnu-tools-for-stm32.11.3.rel1.win32_1.1.100.202309141235/tools/bin/../lib/gcc/arm-none-eabi/11.3.1/thumb/v7e-m+fp/hard/crtbegin.o
 *(.init)
 .init          0x00000000080093e4        0x4 C:/ST/STM32CubeIDE_1.14.1/STM32CubeIDE/plugins/com.st.stm32cube.ide.mcu.externaltools.gnu-tools-for-stm32.11.3.rel1.win32_1.1.100.202309141235/tools/bin/../lib/gcc/arm-none-eabi/11.3.1/thumb/v7e-m+fp/hard/crti.o
                0x00000000080093e4                _init
 .init          0x00000000080093e8        0x8 C:/ST/STM32CubeIDE_1.14.1/STM32CubeIDE/plugins/com.st.stm32cube.ide.mcu.externaltools.gnu-tools-for-stm32.11.3.rel1.win32_1.1.100.202309141235/tools/bin/../lib/gcc/arm-none-eabi/11.3.1/thumb/v7e-m+fp/hard/crtn.o
 *(.fini)
 .fini          0x00000000080093f0        0x4 C:/ST/STM32CubeIDE_1.14.1/STM32CubeIDE/plugins/com.st.stm32cube.ide.mcu.externaltools.gnu-tools-for-stm32.11.3.rel1.win32_1.1.100.202309141235/tools/bin/../lib/gcc/arm-none-eabi/11.3.1/thumb/v7e-m+fp/hard/crti.o
                0x00000000080093f0                _fini
 .fini          0x00000000080093f4        0x8 C:/ST/STM32CubeIDE_1.14.1/STM32CubeIDE/plugins/com.st.stm32cube.ide.mcu.externaltools.gnu-tools-for-stm32.11.3.rel1.win32_1.1.100.202309141235/tools/bin/../lib/gcc/arm-none-eabi/11.3.1/thumb/v7e-m+fp/hard/crtn.o
                0x00000000080093fc                . = ALIGN (0x4)
                0x00000000080093fc                _etext = .

.vfp11_veneer   0x00000000080093fc        0x0
 .vfp11_veneer  0x00000000080093fc        0x0 linker stubs

.v4_bx          0x00000000080093fc        0x0
 .v4_bx         0x00000000080093fc        0x0 linker stubs

.iplt           0x00000000080093fc        0x0
 .iplt          0x00000000080093fc        0x0 C:/ST/STM32CubeIDE_1.14.1/STM32CubeIDE/plugins/com.st.stm32cube.ide.mcu.externaltools.gnu-tools-for-stm32.11.3.rel1.win32_1.1.100.202309141235/tools/bin/../lib/gcc/arm-none-eabi/11.3.1/thumb/v7e-m+fp/hard/crtbegin.o

.rodata         0x00000000080093fc      0x240
                0x00000000080093fc                . = ALIGN (0x4)
 *(.rodata)
 .rodata        0x00000000080093fc       0x72 ./Core/Src/app.o
 *fill*         0x000000000800946e        0x2 
 .rodata        0x0000000008009470        0xc ./Core/Src/main.o
 .rodata        0x000000000800947c        0x5 ./Middlewares/Third_Party/FreeRTOS/Source/tasks.o
 *fill*         0x0000000008009481        0x3 
 .rodata        0x0000000008009484        0xd ./Middlewares/Third_Party/FreeRTOS/Source/timers.o
 *fill*         0x0000000008009491        0x3 
 .rodata        0x0000000008009494       0x17 ./Middlewares/Third_Party/SystemView/SEGGER/SEGGER_RTT.o
 *fill*         0x00000000080094ab        0x1 
 .rodata        0x00000000080094ac        0x8 ./Middlewares/Third_Party/SystemView/SEGGER/SEGGER_SYSVIEW.o
 .rodata        0x00000000080094b4       0x33 ./Middlewares/Third_Party/SystemView/Sample/FreeRTOS/Config/SEGGER_SYSVIEW_Config_FreeRTOS.o
 *fill*         0x00000000080094e7        0x1 
 .rodata        0x00000000080094e8       0x58 ./Middlewares/Third_Party/SystemView/Sample/FreeRTOS/SEGGER_SYSVIEW_FreeRTOS.o
 *(.rodata*)
 .rodata.appTimerAttr
                0x0000000008009540       0x10 ./Core/Src/app.o
 .rodata.gyroInputSemaphorAttr
                0x0000000008009550       0x10 ./Core/Src/app.o
 .rodata.buttonEventFlagAttr
                0x0000000008009560       0x10 ./Core/Src/app.o
 .rodata.ledInfoMsgQueueAttr
                0x0000000008009570       0x18 ./Core/Src/app.o
 .rodata.gyroInputTaskAttr
                0x0000000008009588       0x24 ./Core/Src/app.o
 .rodata.buttonInputTaskAttr
                0x00000000080095ac       0x24 ./Core/Src/app.o
 .rodata.ledOutputTaskAttr
                0x00000000080095d0       0x24 ./Core/Src/app.o
 .rodata.defaultTask_attributes
                0x00000000080095f4       0x24 ./Core/Src/main.o
                0x00000000080095f4                defaultTask_attributes
 .rodata.AHBPrescTable
                0x0000000008009618       0x10 ./Core/Src/system_stm32f4xx.o
                0x0000000008009618                AHBPrescTable
 .rodata._abSync
                0x0000000008009628        0xa ./Middlewares/Third_Party/SystemView/SEGGER/SEGGER_SYSVIEW.o
 *fill*         0x0000000008009632        0x2 
 .rodata.SYSVIEW_X_OS_TraceAPI
                0x0000000008009634        0x8 ./Middlewares/Third_Party/SystemView/Sample/FreeRTOS/SEGGER_SYSVIEW_FreeRTOS.o
                0x0000000008009634                SYSVIEW_X_OS_TraceAPI
                0x000000000800963c                . = ALIGN (0x4)

.ARM.extab      0x000000000800963c        0x0
                0x000000000800963c                . = ALIGN (0x4)
 *(.ARM.extab* .gnu.linkonce.armextab.*)
                0x000000000800963c                . = ALIGN (0x4)

.ARM            0x000000000800963c        0x8
                0x000000000800963c                . = ALIGN (0x4)
                0x000000000800963c                __exidx_start = .
 *(.ARM.exidx*)
 .ARM.exidx     0x000000000800963c        0x8 C:/ST/STM32CubeIDE_1.14.1/STM32CubeIDE/plugins/com.st.stm32cube.ide.mcu.externaltools.gnu-tools-for-stm32.11.3.rel1.win32_1.1.100.202309141235/tools/bin/../lib/gcc/arm-none-eabi/11.3.1/thumb/v7e-m+fp/hard\libgcc.a(_udivmoddi4.o)
                0x0000000008009644                __exidx_end = .
                0x0000000008009644                . = ALIGN (0x4)

.rel.dyn        0x0000000008009644        0x0
 .rel.iplt      0x0000000008009644        0x0 C:/ST/STM32CubeIDE_1.14.1/STM32CubeIDE/plugins/com.st.stm32cube.ide.mcu.externaltools.gnu-tools-for-stm32.11.3.rel1.win32_1.1.100.202309141235/tools/bin/../lib/gcc/arm-none-eabi/11.3.1/thumb/v7e-m+fp/hard/crtbegin.o

.preinit_array  0x0000000008009644        0x0
                0x0000000008009644                . = ALIGN (0x4)
                0x0000000008009644                PROVIDE (__preinit_array_start = .)
 *(.preinit_array*)
                0x0000000008009644                PROVIDE (__preinit_array_end = .)
                0x0000000008009644                . = ALIGN (0x4)

.init_array     0x0000000008009644        0x4
                0x0000000008009644                . = ALIGN (0x4)
                0x0000000008009644                PROVIDE (__init_array_start = .)
 *(SORT_BY_NAME(.init_array.*))
 *(.init_array*)
 .init_array    0x0000000008009644        0x4 C:/ST/STM32CubeIDE_1.14.1/STM32CubeIDE/plugins/com.st.stm32cube.ide.mcu.externaltools.gnu-tools-for-stm32.11.3.rel1.win32_1.1.100.202309141235/tools/bin/../lib/gcc/arm-none-eabi/11.3.1/thumb/v7e-m+fp/hard/crtbegin.o
                0x0000000008009648                PROVIDE (__init_array_end = .)
                0x0000000008009648                . = ALIGN (0x4)

.fini_array     0x0000000008009648        0x4
                0x0000000008009648                . = ALIGN (0x4)
                [!provide]                        PROVIDE (__fini_array_start = .)
 *(SORT_BY_NAME(.fini_array.*))
 *(.fini_array*)
 .fini_array    0x0000000008009648        0x4 C:/ST/STM32CubeIDE_1.14.1/STM32CubeIDE/plugins/com.st.stm32cube.ide.mcu.externaltools.gnu-tools-for-stm32.11.3.rel1.win32_1.1.100.202309141235/tools/bin/../lib/gcc/arm-none-eabi/11.3.1/thumb/v7e-m+fp/hard/crtbegin.o
                [!provide]                        PROVIDE (__fini_array_end = .)
                0x000000000800964c                . = ALIGN (0x4)
                0x000000000800964c                _sidata = LOADADDR (.data)

.data           0x0000000020000000       0x60 load address 0x000000000800964c
                0x0000000020000000                . = ALIGN (0x4)
                0x0000000020000000                _sdata = .
 *(.data)
 *(.data*)
 .data.SystemCoreClock
                0x0000000020000000        0x4 ./Core/Src/system_stm32f4xx.o
                0x0000000020000000                SystemCoreClock
 .data.uwTickPrio
                0x0000000020000004        0x4 ./Drivers/STM32F4xx_HAL_Driver/Src/stm32f4xx_hal.o
                0x0000000020000004                uwTickPrio
 .data.uwTickFreq
                0x0000000020000008        0x1 ./Drivers/STM32F4xx_HAL_Driver/Src/stm32f4xx_hal.o
                0x0000000020000008                uwTickFreq
 *fill*         0x0000000020000009        0x3 
 .data.uxCriticalNesting
                0x000000002000000c        0x4 ./Middlewares/Third_Party/FreeRTOS/Source/portable/GCC/ARM_CM4F/port.o
 .data._impure_data
                0x0000000020000010       0x4c C:/ST/STM32CubeIDE_1.14.1/STM32CubeIDE/plugins/com.st.stm32cube.ide.mcu.externaltools.gnu-tools-for-stm32.11.3.rel1.win32_1.1.100.202309141235/tools/bin/../lib/gcc/arm-none-eabi/11.3.1/../../../../arm-none-eabi/lib/thumb/v7e-m+fp/hard\libc_nano.a(libc_a-impure.o)
                0x0000000020000010                _impure_data
 .data._impure_ptr
                0x000000002000005c        0x4 C:/ST/STM32CubeIDE_1.14.1/STM32CubeIDE/plugins/com.st.stm32cube.ide.mcu.externaltools.gnu-tools-for-stm32.11.3.rel1.win32_1.1.100.202309141235/tools/bin/../lib/gcc/arm-none-eabi/11.3.1/../../../../arm-none-eabi/lib/thumb/v7e-m+fp/hard\libc_nano.a(libc_a-impure.o)
                0x000000002000005c                _impure_ptr
 *(.RamFunc)
 *(.RamFunc*)
                0x0000000020000060                . = ALIGN (0x4)
                0x0000000020000060                _edata = .
                0x00000000080096ac                _siccmram = LOADADDR (.ccmram)

.igot.plt       0x0000000020000060        0x0 load address 0x00000000080096ac
 .igot.plt      0x0000000020000060        0x0 C:/ST/STM32CubeIDE_1.14.1/STM32CubeIDE/plugins/com.st.stm32cube.ide.mcu.externaltools.gnu-tools-for-stm32.11.3.rel1.win32_1.1.100.202309141235/tools/bin/../lib/gcc/arm-none-eabi/11.3.1/thumb/v7e-m+fp/hard/crtbegin.o

.ccmram         0x0000000010000000        0x0 load address 0x00000000080096ac
                0x0000000010000000                . = ALIGN (0x4)
                0x0000000010000000                _sccmram = .
 *(.ccmram)
 *(.ccmram*)
                0x0000000010000000                . = ALIGN (0x4)
                0x0000000010000000                _eccmram = .
                0x0000000010000000                . = ALIGN (0x4)

.bss            0x0000000020000060     0x568c
                0x0000000020000060                _sbss = .
                0x0000000020000060                __bss_start__ = _sbss
 *(.bss)
 .bss           0x0000000020000060       0x1c C:/ST/STM32CubeIDE_1.14.1/STM32CubeIDE/plugins/com.st.stm32cube.ide.mcu.externaltools.gnu-tools-for-stm32.11.3.rel1.win32_1.1.100.202309141235/tools/bin/../lib/gcc/arm-none-eabi/11.3.1/thumb/v7e-m+fp/hard/crtbegin.o
 *(.bss*)
 .bss.HAL_Status
                0x000000002000007c        0x1 ./Core/Src/Gyro_Driver.o
 *fill*         0x000000002000007d        0x3 
 .bss.appMessage
                0x0000000020000080        0x4 ./Core/Src/app.o
 .bss.appTimerID
                0x0000000020000084        0x4 ./Core/Src/app.o
 .bss.gyroInputSemaphorID
                0x0000000020000088        0x4 ./Core/Src/app.o
 .bss.buttonEventFlagID
                0x000000002000008c        0x4 ./Core/Src/app.o
 .bss.ledInfoMsgQueueID
                0x0000000020000090        0x4 ./Core/Src/app.o
 .bss.gyroInputTask
                0x0000000020000094        0x4 ./Core/Src/app.o
 .bss.buttonInputTask
                0x0000000020000098        0x4 ./Core/Src/app.o
 .bss.ledOutputTask
                0x000000002000009c        0x4 ./Core/Src/app.o
 .bss.hspi5     0x00000000200000a0       0x58 ./Core/Src/main.o
                0x00000000200000a0                hspi5
 .bss.htim11    0x00000000200000f8       0x48 ./Core/Src/main.o
                0x00000000200000f8                htim11
 .bss.defaultTaskHandle
                0x0000000020000140        0x4 ./Core/Src/main.o
                0x0000000020000140                defaultTaskHandle
 .bss.uwTick    0x0000000020000144        0x4 ./Drivers/STM32F4xx_HAL_Driver/Src/stm32f4xx_hal.o
                0x0000000020000144                uwTick
 .bss.KernelState
                0x0000000020000148        0x4 ./Middlewares/Third_Party/FreeRTOS/Source/CMSIS_RTOS_V2/cmsis_os2.o
 .bss.Idle_TCB.3
                0x000000002000014c       0xa8 ./Middlewares/Third_Party/FreeRTOS/Source/CMSIS_RTOS_V2/cmsis_os2.o
 .bss.Idle_Stack.2
                0x00000000200001f4      0x200 ./Middlewares/Third_Party/FreeRTOS/Source/CMSIS_RTOS_V2/cmsis_os2.o
 .bss.Timer_TCB.1
                0x00000000200003f4       0xa8 ./Middlewares/Third_Party/FreeRTOS/Source/CMSIS_RTOS_V2/cmsis_os2.o
 .bss.Timer_Stack.0
                0x000000002000049c      0x400 ./Middlewares/Third_Party/FreeRTOS/Source/CMSIS_RTOS_V2/cmsis_os2.o
 .bss.xQueueRegistry
                0x000000002000089c       0x40 ./Middlewares/Third_Party/FreeRTOS/Source/queue.o
                0x000000002000089c                xQueueRegistry
 .bss.pxCurrentTCB
                0x00000000200008dc        0x4 ./Middlewares/Third_Party/FreeRTOS/Source/tasks.o
                0x00000000200008dc                pxCurrentTCB
 .bss.pxReadyTasksLists
                0x00000000200008e0      0x460 ./Middlewares/Third_Party/FreeRTOS/Source/tasks.o
 .bss.xDelayedTaskList1
                0x0000000020000d40       0x14 ./Middlewares/Third_Party/FreeRTOS/Source/tasks.o
 .bss.xDelayedTaskList2
                0x0000000020000d54       0x14 ./Middlewares/Third_Party/FreeRTOS/Source/tasks.o
 .bss.pxDelayedTaskList
                0x0000000020000d68        0x4 ./Middlewares/Third_Party/FreeRTOS/Source/tasks.o
 .bss.pxOverflowDelayedTaskList
                0x0000000020000d6c        0x4 ./Middlewares/Third_Party/FreeRTOS/Source/tasks.o
 .bss.xPendingReadyList
                0x0000000020000d70       0x14 ./Middlewares/Third_Party/FreeRTOS/Source/tasks.o
 .bss.xTasksWaitingTermination
                0x0000000020000d84       0x14 ./Middlewares/Third_Party/FreeRTOS/Source/tasks.o
 .bss.uxDeletedTasksWaitingCleanUp
                0x0000000020000d98        0x4 ./Middlewares/Third_Party/FreeRTOS/Source/tasks.o
 .bss.xSuspendedTaskList
                0x0000000020000d9c       0x14 ./Middlewares/Third_Party/FreeRTOS/Source/tasks.o
 .bss.uxCurrentNumberOfTasks
                0x0000000020000db0        0x4 ./Middlewares/Third_Party/FreeRTOS/Source/tasks.o
 .bss.xTickCount
                0x0000000020000db4        0x4 ./Middlewares/Third_Party/FreeRTOS/Source/tasks.o
 .bss.uxTopReadyPriority
                0x0000000020000db8        0x4 ./Middlewares/Third_Party/FreeRTOS/Source/tasks.o
 .bss.xSchedulerRunning
                0x0000000020000dbc        0x4 ./Middlewares/Third_Party/FreeRTOS/Source/tasks.o
 .bss.xPendedTicks
                0x0000000020000dc0        0x4 ./Middlewares/Third_Party/FreeRTOS/Source/tasks.o
 .bss.xYieldPending
                0x0000000020000dc4        0x4 ./Middlewares/Third_Party/FreeRTOS/Source/tasks.o
 .bss.xNumOfOverflows
                0x0000000020000dc8        0x4 ./Middlewares/Third_Party/FreeRTOS/Source/tasks.o
 .bss.uxTaskNumber
                0x0000000020000dcc        0x4 ./Middlewares/Third_Party/FreeRTOS/Source/tasks.o
 .bss.xNextTaskUnblockTime
                0x0000000020000dd0        0x4 ./Middlewares/Third_Party/FreeRTOS/Source/tasks.o
 .bss.xIdleTaskHandle
                0x0000000020000dd4        0x4 ./Middlewares/Third_Party/FreeRTOS/Source/tasks.o
 .bss.uxSchedulerSuspended
                0x0000000020000dd8        0x4 ./Middlewares/Third_Party/FreeRTOS/Source/tasks.o
 .bss.xActiveTimerList1
                0x0000000020000ddc       0x14 ./Middlewares/Third_Party/FreeRTOS/Source/timers.o
 .bss.xActiveTimerList2
                0x0000000020000df0       0x14 ./Middlewares/Third_Party/FreeRTOS/Source/timers.o
 .bss.pxCurrentTimerList
                0x0000000020000e04        0x4 ./Middlewares/Third_Party/FreeRTOS/Source/timers.o
 .bss.pxOverflowTimerList
                0x0000000020000e08        0x4 ./Middlewares/Third_Party/FreeRTOS/Source/timers.o
 .bss.xTimerQueue
                0x0000000020000e0c        0x4 ./Middlewares/Third_Party/FreeRTOS/Source/timers.o
 .bss.xTimerTaskHandle
                0x0000000020000e10        0x4 ./Middlewares/Third_Party/FreeRTOS/Source/timers.o
 .bss.xLastTime.2
                0x0000000020000e14        0x4 ./Middlewares/Third_Party/FreeRTOS/Source/timers.o
 .bss.ucStaticTimerQueueStorage.1
                0x0000000020000e18       0xa0 ./Middlewares/Third_Party/FreeRTOS/Source/timers.o
 .bss.xStaticTimerQueue.0
                0x0000000020000eb8       0x50 ./Middlewares/Third_Party/FreeRTOS/Source/timers.o
 .bss.ucMaxSysCallPriority
                0x0000000020000f08        0x1 ./Middlewares/Third_Party/FreeRTOS/Source/portable/GCC/ARM_CM4F/port.o
 *fill*         0x0000000020000f09        0x3 
 .bss.ulMaxPRIGROUPValue
                0x0000000020000f0c        0x4 ./Middlewares/Third_Party/FreeRTOS/Source/portable/GCC/ARM_CM4F/port.o
 .bss.ucHeap    0x0000000020000f10     0x3c00 ./Middlewares/Third_Party/FreeRTOS/Source/portable/MemMang/heap_4.o
 .bss.xStart    0x0000000020004b10        0x8 ./Middlewares/Third_Party/FreeRTOS/Source/portable/MemMang/heap_4.o
 .bss.pxEnd     0x0000000020004b18        0x4 ./Middlewares/Third_Party/FreeRTOS/Source/portable/MemMang/heap_4.o
 .bss.xFreeBytesRemaining
                0x0000000020004b1c        0x4 ./Middlewares/Third_Party/FreeRTOS/Source/portable/MemMang/heap_4.o
 .bss.xMinimumEverFreeBytesRemaining
                0x0000000020004b20        0x4 ./Middlewares/Third_Party/FreeRTOS/Source/portable/MemMang/heap_4.o
 .bss.xNumberOfSuccessfulAllocations
                0x0000000020004b24        0x4 ./Middlewares/Third_Party/FreeRTOS/Source/portable/MemMang/heap_4.o
 .bss.xNumberOfSuccessfulFrees
                0x0000000020004b28        0x4 ./Middlewares/Third_Party/FreeRTOS/Source/portable/MemMang/heap_4.o
 .bss.xBlockAllocatedBit
                0x0000000020004b2c        0x4 ./Middlewares/Third_Party/FreeRTOS/Source/portable/MemMang/heap_4.o
 .bss._SEGGER_RTT
                0x0000000020004b30       0xa8 ./Middlewares/Third_Party/SystemView/SEGGER/SEGGER_RTT.o
                0x0000000020004b30                _SEGGER_RTT
 .bss._acUpBuffer
                0x0000000020004bd8      0x400 ./Middlewares/Third_Party/SystemView/SEGGER/SEGGER_RTT.o
 .bss._acDownBuffer
                0x0000000020004fd8       0x10 ./Middlewares/Third_Party/SystemView/SEGGER/SEGGER_RTT.o
 .bss.SEGGER_SYSVIEW_TickCnt
                0x0000000020004fe8        0x4 ./Middlewares/Third_Party/SystemView/SEGGER/SEGGER_SYSVIEW.o
                0x0000000020004fe8                SEGGER_SYSVIEW_TickCnt
 .bss._UpBuffer
                0x0000000020004fec      0x400 ./Middlewares/Third_Party/SystemView/SEGGER/SEGGER_SYSVIEW.o
 .bss._DownBuffer
                0x00000000200053ec        0x8 ./Middlewares/Third_Party/SystemView/SEGGER/SEGGER_SYSVIEW.o
 .bss._SYSVIEW_Globals
                0x00000000200053f4       0x28 ./Middlewares/Third_Party/SystemView/SEGGER/SEGGER_SYSVIEW.o
 .bss._pFirstModule
                0x000000002000541c        0x4 ./Middlewares/Third_Party/SystemView/SEGGER/SEGGER_SYSVIEW.o
 .bss._NumModules
                0x0000000020005420        0x1 ./Middlewares/Third_Party/SystemView/SEGGER/SEGGER_SYSVIEW.o
 *fill*         0x0000000020005421        0x3 
 .bss._aPacket  0x0000000020005424       0xe3 ./Middlewares/Third_Party/SystemView/SEGGER/SEGGER_SYSVIEW.o
 *fill*         0x0000000020005507        0x1 
 .bss._aTasks   0x0000000020005508       0xa0 ./Middlewares/Third_Party/SystemView/Sample/FreeRTOS/SEGGER_SYSVIEW_FreeRTOS.o
 .bss._NumTasks
                0x00000000200055a8        0x4 ./Middlewares/Third_Party/SystemView/Sample/FreeRTOS/SEGGER_SYSVIEW_FreeRTOS.o
 .bss.__sf      0x00000000200055ac      0x138 C:/ST/STM32CubeIDE_1.14.1/STM32CubeIDE/plugins/com.st.stm32cube.ide.mcu.externaltools.gnu-tools-for-stm32.11.3.rel1.win32_1.1.100.202309141235/tools/bin/../lib/gcc/arm-none-eabi/11.3.1/../../../../arm-none-eabi/lib/thumb/v7e-m+fp/hard\libc_nano.a(libc_a-findfp.o)
                0x00000000200055ac                __sf
 .bss.__lock___malloc_recursive_mutex
                0x00000000200056e4        0x1 C:/ST/STM32CubeIDE_1.14.1/STM32CubeIDE/plugins/com.st.stm32cube.ide.mcu.externaltools.gnu-tools-for-stm32.11.3.rel1.win32_1.1.100.202309141235/tools/bin/../lib/gcc/arm-none-eabi/11.3.1/../../../../arm-none-eabi/lib/thumb/v7e-m+fp/hard\libc_nano.a(libc_a-lock.o)
                0x00000000200056e4                __lock___malloc_recursive_mutex
 *fill*         0x00000000200056e5        0x3 
 .bss.__malloc_free_list
                0x00000000200056e8        0x4 C:/ST/STM32CubeIDE_1.14.1/STM32CubeIDE/plugins/com.st.stm32cube.ide.mcu.externaltools.gnu-tools-for-stm32.11.3.rel1.win32_1.1.100.202309141235/tools/bin/../lib/gcc/arm-none-eabi/11.3.1/../../../../arm-none-eabi/lib/thumb/v7e-m+fp/hard\libc_nano.a(libc_a-mallocr.o)
                0x00000000200056e8                __malloc_free_list
 *(COMMON)
                0x00000000200056ec                . = ALIGN (0x4)
                0x00000000200056ec                _ebss = .
                0x00000000200056ec                __bss_end__ = _ebss

._user_heap_stack
                0x00000000200056ec      0x604
                0x00000000200056f0                . = ALIGN (0x8)
 *fill*         0x00000000200056ec        0x4 
                [!provide]                        PROVIDE (end = .)
                0x00000000200056f0                PROVIDE (_end = .)
                0x00000000200058f0                . = (. + _Min_Heap_Size)
 *fill*         0x00000000200056f0      0x200 
                0x0000000020005cf0                . = (. + _Min_Stack_Size)
 *fill*         0x00000000200058f0      0x400 
                0x0000000020005cf0                . = ALIGN (0x8)

/DISCARD/
 libc.a(*)
 libm.a(*)
 libgcc.a(*)

.ARM.attributes
                0x0000000000000000       0x30
 *(.ARM.attributes)
 .ARM.attributes
                0x0000000000000000       0x1e C:/ST/STM32CubeIDE_1.14.1/STM32CubeIDE/plugins/com.st.stm32cube.ide.mcu.externaltools.gnu-tools-for-stm32.11.3.rel1.win32_1.1.100.202309141235/tools/bin/../lib/gcc/arm-none-eabi/11.3.1/thumb/v7e-m+fp/hard/crti.o
 .ARM.attributes
                0x000000000000001e       0x34 C:/ST/STM32CubeIDE_1.14.1/STM32CubeIDE/plugins/com.st.stm32cube.ide.mcu.externaltools.gnu-tools-for-stm32.11.3.rel1.win32_1.1.100.202309141235/tools/bin/../lib/gcc/arm-none-eabi/11.3.1/thumb/v7e-m+fp/hard/crtbegin.o
 .ARM.attributes
                0x0000000000000052       0x34 ./Core/Src/Gyro_Driver.o
 .ARM.attributes
                0x0000000000000086       0x34 ./Core/Src/app.o
 .ARM.attributes
                0x00000000000000ba       0x34 ./Core/Src/main.o
 .ARM.attributes
                0x00000000000000ee       0x34 ./Core/Src/stm32f4xx_hal_msp.o
 .ARM.attributes
                0x0000000000000122       0x34 ./Core/Src/stm32f4xx_it.o
 .ARM.attributes
                0x0000000000000156       0x34 ./Core/Src/system_stm32f4xx.o
 .ARM.attributes
                0x000000000000018a       0x21 ./Core/Startup/startup_stm32f429zitx.o
 .ARM.attributes
                0x00000000000001ab       0x34 ./Drivers/STM32F4xx_HAL_Driver/Src/stm32f4xx_hal.o
 .ARM.attributes
                0x00000000000001df       0x34 ./Drivers/STM32F4xx_HAL_Driver/Src/stm32f4xx_hal_cortex.o
 .ARM.attributes
                0x0000000000000213       0x34 ./Drivers/STM32F4xx_HAL_Driver/Src/stm32f4xx_hal_gpio.o
 .ARM.attributes
                0x0000000000000247       0x34 ./Drivers/STM32F4xx_HAL_Driver/Src/stm32f4xx_hal_rcc.o
 .ARM.attributes
                0x000000000000027b       0x34 ./Drivers/STM32F4xx_HAL_Driver/Src/stm32f4xx_hal_spi.o
 .ARM.attributes
                0x00000000000002af       0x34 ./Drivers/STM32F4xx_HAL_Driver/Src/stm32f4xx_hal_tim.o
 .ARM.attributes
                0x00000000000002e3       0x34 ./Middlewares/Third_Party/FreeRTOS/Source/CMSIS_RTOS_V2/cmsis_os2.o
 .ARM.attributes
                0x0000000000000317       0x34 ./Middlewares/Third_Party/FreeRTOS/Source/event_groups.o
 .ARM.attributes
                0x000000000000034b       0x34 ./Middlewares/Third_Party/FreeRTOS/Source/list.o
 .ARM.attributes
                0x000000000000037f       0x34 ./Middlewares/Third_Party/FreeRTOS/Source/queue.o
 .ARM.attributes
                0x00000000000003b3       0x34 ./Middlewares/Third_Party/FreeRTOS/Source/tasks.o
 .ARM.attributes
                0x00000000000003e7       0x34 ./Middlewares/Third_Party/FreeRTOS/Source/timers.o
 .ARM.attributes
                0x000000000000041b       0x34 ./Middlewares/Third_Party/FreeRTOS/Source/portable/GCC/ARM_CM4F/port.o
 .ARM.attributes
                0x000000000000044f       0x34 ./Middlewares/Third_Party/FreeRTOS/Source/portable/MemMang/heap_4.o
 .ARM.attributes
                0x0000000000000483       0x34 ./Middlewares/Third_Party/SystemView/SEGGER/SEGGER_RTT.o
 .ARM.attributes
                0x00000000000004b7       0x20 ./Middlewares/Third_Party/SystemView/SEGGER/SEGGER_RTT_ASM_ARMv7M.o
 .ARM.attributes
                0x00000000000004d7       0x34 ./Middlewares/Third_Party/SystemView/SEGGER/SEGGER_SYSVIEW.o
 .ARM.attributes
                0x000000000000050b       0x34 ./Middlewares/Third_Party/SystemView/Sample/FreeRTOS/Config/SEGGER_SYSVIEW_Config_FreeRTOS.o
 .ARM.attributes
                0x000000000000053f       0x34 ./Middlewares/Third_Party/SystemView/Sample/FreeRTOS/SEGGER_SYSVIEW_FreeRTOS.o
 .ARM.attributes
                0x0000000000000573       0x34 C:/ST/STM32CubeIDE_1.14.1/STM32CubeIDE/plugins/com.st.stm32cube.ide.mcu.externaltools.gnu-tools-for-stm32.11.3.rel1.win32_1.1.100.202309141235/tools/bin/../lib/gcc/arm-none-eabi/11.3.1/../../../../arm-none-eabi/lib/thumb/v7e-m+fp/hard\libc_nano.a(libc_a-findfp.o)
 .ARM.attributes
                0x00000000000005a7       0x34 C:/ST/STM32CubeIDE_1.14.1/STM32CubeIDE/plugins/com.st.stm32cube.ide.mcu.externaltools.gnu-tools-for-stm32.11.3.rel1.win32_1.1.100.202309141235/tools/bin/../lib/gcc/arm-none-eabi/11.3.1/../../../../arm-none-eabi/lib/thumb/v7e-m+fp/hard\libc_nano.a(libc_a-memcmp.o)
 .ARM.attributes
                0x00000000000005db       0x34 C:/ST/STM32CubeIDE_1.14.1/STM32CubeIDE/plugins/com.st.stm32cube.ide.mcu.externaltools.gnu-tools-for-stm32.11.3.rel1.win32_1.1.100.202309141235/tools/bin/../lib/gcc/arm-none-eabi/11.3.1/../../../../arm-none-eabi/lib/thumb/v7e-m+fp/hard\libc_nano.a(libc_a-memset.o)
 .ARM.attributes
                0x000000000000060f       0x34 C:/ST/STM32CubeIDE_1.14.1/STM32CubeIDE/plugins/com.st.stm32cube.ide.mcu.externaltools.gnu-tools-for-stm32.11.3.rel1.win32_1.1.100.202309141235/tools/bin/../lib/gcc/arm-none-eabi/11.3.1/../../../../arm-none-eabi/lib/thumb/v7e-m+fp/hard\libc_nano.a(libc_a-reent.o)
 .ARM.attributes
                0x0000000000000643       0x34 C:/ST/STM32CubeIDE_1.14.1/STM32CubeIDE/plugins/com.st.stm32cube.ide.mcu.externaltools.gnu-tools-for-stm32.11.3.rel1.win32_1.1.100.202309141235/tools/bin/../lib/gcc/arm-none-eabi/11.3.1/../../../../arm-none-eabi/lib/thumb/v7e-m+fp/hard\libc_nano.a(libc_a-impure.o)
 .ARM.attributes
                0x0000000000000677       0x34 C:/ST/STM32CubeIDE_1.14.1/STM32CubeIDE/plugins/com.st.stm32cube.ide.mcu.externaltools.gnu-tools-for-stm32.11.3.rel1.win32_1.1.100.202309141235/tools/bin/../lib/gcc/arm-none-eabi/11.3.1/../../../../arm-none-eabi/lib/thumb/v7e-m+fp/hard\libc_nano.a(libc_a-init.o)
 .ARM.attributes
                0x00000000000006ab       0x34 C:/ST/STM32CubeIDE_1.14.1/STM32CubeIDE/plugins/com.st.stm32cube.ide.mcu.externaltools.gnu-tools-for-stm32.11.3.rel1.win32_1.1.100.202309141235/tools/bin/../lib/gcc/arm-none-eabi/11.3.1/../../../../arm-none-eabi/lib/thumb/v7e-m+fp/hard\libc_nano.a(libc_a-lock.o)
 .ARM.attributes
                0x00000000000006df       0x34 C:/ST/STM32CubeIDE_1.14.1/STM32CubeIDE/plugins/com.st.stm32cube.ide.mcu.externaltools.gnu-tools-for-stm32.11.3.rel1.win32_1.1.100.202309141235/tools/bin/../lib/gcc/arm-none-eabi/11.3.1/../../../../arm-none-eabi/lib/thumb/v7e-m+fp/hard\libc_nano.a(libc_a-memcpy-stub.o)
 .ARM.attributes
                0x0000000000000713       0x34 C:/ST/STM32CubeIDE_1.14.1/STM32CubeIDE/plugins/com.st.stm32cube.ide.mcu.externaltools.gnu-tools-for-stm32.11.3.rel1.win32_1.1.100.202309141235/tools/bin/../lib/gcc/arm-none-eabi/11.3.1/../../../../arm-none-eabi/lib/thumb/v7e-m+fp/hard\libc_nano.a(libc_a-freer.o)
 .ARM.attributes
                0x0000000000000747       0x34 C:/ST/STM32CubeIDE_1.14.1/STM32CubeIDE/plugins/com.st.stm32cube.ide.mcu.externaltools.gnu-tools-for-stm32.11.3.rel1.win32_1.1.100.202309141235/tools/bin/../lib/gcc/arm-none-eabi/11.3.1/../../../../arm-none-eabi/lib/thumb/v7e-m+fp/hard\libc_nano.a(libc_a-mallocr.o)
 .ARM.attributes
                0x000000000000077b       0x34 C:/ST/STM32CubeIDE_1.14.1/STM32CubeIDE/plugins/com.st.stm32cube.ide.mcu.externaltools.gnu-tools-for-stm32.11.3.rel1.win32_1.1.100.202309141235/tools/bin/../lib/gcc/arm-none-eabi/11.3.1/../../../../arm-none-eabi/lib/thumb/v7e-m+fp/hard\libc_nano.a(libc_a-mlock.o)
 .ARM.attributes
                0x00000000000007af       0x1e C:/ST/STM32CubeIDE_1.14.1/STM32CubeIDE/plugins/com.st.stm32cube.ide.mcu.externaltools.gnu-tools-for-stm32.11.3.rel1.win32_1.1.100.202309141235/tools/bin/../lib/gcc/arm-none-eabi/11.3.1/thumb/v7e-m+fp/hard\libgcc.a(_aeabi_uldivmod.o)
 .ARM.attributes
                0x00000000000007cd       0x34 C:/ST/STM32CubeIDE_1.14.1/STM32CubeIDE/plugins/com.st.stm32cube.ide.mcu.externaltools.gnu-tools-for-stm32.11.3.rel1.win32_1.1.100.202309141235/tools/bin/../lib/gcc/arm-none-eabi/11.3.1/thumb/v7e-m+fp/hard\libgcc.a(_udivmoddi4.o)
 .ARM.attributes
                0x0000000000000801       0x1e C:/ST/STM32CubeIDE_1.14.1/STM32CubeIDE/plugins/com.st.stm32cube.ide.mcu.externaltools.gnu-tools-for-stm32.11.3.rel1.win32_1.1.100.202309141235/tools/bin/../lib/gcc/arm-none-eabi/11.3.1/thumb/v7e-m+fp/hard\libgcc.a(_dvmd_tls.o)
 .ARM.attributes
                0x000000000000081f       0x1e C:/ST/STM32CubeIDE_1.14.1/STM32CubeIDE/plugins/com.st.stm32cube.ide.mcu.externaltools.gnu-tools-for-stm32.11.3.rel1.win32_1.1.100.202309141235/tools/bin/../lib/gcc/arm-none-eabi/11.3.1/thumb/v7e-m+fp/hard/crtn.o
OUTPUT(McDermott_Frank_RTOS_Lab6_ITC.elf elf32-littlearm)
LOAD linker stubs
LOAD C:/ST/STM32CubeIDE_1.14.1/STM32CubeIDE/plugins/com.st.stm32cube.ide.mcu.externaltools.gnu-tools-for-stm32.11.3.rel1.win32_1.1.100.202309141235/tools/bin/../lib/gcc/arm-none-eabi/11.3.1/../../../../arm-none-eabi/lib/thumb/v7e-m+fp/hard\libc.a
LOAD C:/ST/STM32CubeIDE_1.14.1/STM32CubeIDE/plugins/com.st.stm32cube.ide.mcu.externaltools.gnu-tools-for-stm32.11.3.rel1.win32_1.1.100.202309141235/tools/bin/../lib/gcc/arm-none-eabi/11.3.1/../../../../arm-none-eabi/lib/thumb/v7e-m+fp/hard\libm.a
LOAD C:/ST/STM32CubeIDE_1.14.1/STM32CubeIDE/plugins/com.st.stm32cube.ide.mcu.externaltools.gnu-tools-for-stm32.11.3.rel1.win32_1.1.100.202309141235/tools/bin/../lib/gcc/arm-none-eabi/11.3.1/thumb/v7e-m+fp/hard\libgcc.a

.comment        0x0000000000000000       0x43
 .comment       0x0000000000000000       0x43 C:/ST/STM32CubeIDE_1.14.1/STM32CubeIDE/plugins/com.st.stm32cube.ide.mcu.externaltools.gnu-tools-for-stm32.11.3.rel1.win32_1.1.100.202309141235/tools/bin/../lib/gcc/arm-none-eabi/11.3.1/thumb/v7e-m+fp/hard/crtbegin.o
                                         0x44 (size before relaxing)
 .comment       0x0000000000000043       0x44 ./Core/Src/Gyro_Driver.o
 .comment       0x0000000000000043       0x44 ./Core/Src/app.o
 .comment       0x0000000000000043       0x44 ./Core/Src/main.o
 .comment       0x0000000000000043       0x44 ./Core/Src/stm32f4xx_hal_msp.o
 .comment       0x0000000000000043       0x44 ./Core/Src/stm32f4xx_it.o
 .comment       0x0000000000000043       0x44 ./Core/Src/system_stm32f4xx.o
 .comment       0x0000000000000043       0x44 ./Drivers/STM32F4xx_HAL_Driver/Src/stm32f4xx_hal.o
 .comment       0x0000000000000043       0x44 ./Drivers/STM32F4xx_HAL_Driver/Src/stm32f4xx_hal_cortex.o
 .comment       0x0000000000000043       0x44 ./Drivers/STM32F4xx_HAL_Driver/Src/stm32f4xx_hal_gpio.o